Unity Editor version:    6000.3.12f1 (fca03ac9b0d5)
Branch:                  6000.3/staging
Build type:              Release
Batch mode:              YES
macOS version:           Version 26.3.1 (Build 25D2128)
Darwin version:          25.3.0
Architecture:            arm64
Running under Rosetta:   NO
Available memory:        16384 MB
Date:                    2026-05-27T04:48:31Z
[Licensing::Module] Trying to connect to existing licensing client channel...
[Licensing::IpcConnector] Successfully connected to: "LicenseClient-ekansh" at "2026-05-27T04:48:31.269154Z"

COMMAND LINE ARGUMENTS:
/Applications/Unity/Hub/Editor/6000.3.12f1/Unity.app/Contents/MacOS/Unity
-adb2
-batchMode
-noUpm
-name
AssetImportWorker1
-projectPath
/Users/ekansh/SlotBase-ColorfulOrchard
-logFile
Logs/AssetImportWorker1.log
-srvPort
49242
-licensingIpc
LicenseClient-ekansh
-job-worker-count
4
-background-job-worker-count
8
-gc-helper-count
1
-name AssetImport
Successfully changed project path to: /Users/ekansh/SlotBase-ColorfulOrchard
/Users/ekansh/SlotBase-ColorfulOrchard
[UnityMemory] Configuration Parameters - Can be set up in boot.config
    "memorysetup-allocator-temp-initial-block-size-main=262144"
    "memorysetup-allocator-temp-initial-block-size-worker=262144"
    "memorysetup-temp-allocator-size-background-worker=32768"
    "memorysetup-temp-allocator-size-job-worker=262144"
    "memorysetup-temp-allocator-size-preload-manager=33554432"
    "memorysetup-temp-allocator-size-nav-mesh-worker=65536"
    "memorysetup-temp-allocator-size-audio-worker=65536"
    "memorysetup-temp-allocator-size-cloud-worker=32768"
    "memorysetup-bucket-allocator-granularity=16"
    "memorysetup-bucket-allocator-bucket-count=8"
    "memorysetup-bucket-allocator-block-size=33554432"
    "memorysetup-bucket-allocator-block-count=8"
    "memorysetup-main-allocator-block-size=16777216"
    "memorysetup-thread-allocator-block-size=16777216"
    "memorysetup-gfx-main-allocator-block-size=16777216"
    "memorysetup-gfx-thread-allocator-block-size=16777216"
    "memorysetup-cache-allocator-block-size=4194304"
    "memorysetup-typetree-allocator-block-size=2097152"
    "memorysetup-profiler-bucket-allocator-granularity=16"
    "memorysetup-profiler-bucket-allocator-bucket-count=8"
    "memorysetup-profiler-bucket-allocator-block-size=33554432"
    "memorysetup-profiler-bucket-allocator-block-count=8"
    "memorysetup-profiler-allocator-block-size=16777216"
    "memorysetup-profiler-editor-allocator-block-size=1048576"
    "memorysetup-temp-allocator-size-main=16777216"
    "memorysetup-job-temp-allocator-block-size=2097152"
    "memorysetup-job-temp-allocator-block-size-background=1048576"
    "memorysetup-job-temp-allocator-reduction-small-platforms=262144"
    "memorysetup-temp-allocator-size-gi-baking-worker=262144"
    "memorysetup-temp-allocator-size-gi-baking-worker=262144"
    "memorysetup-temp-allocator-size-gi-baking-worker=262144"
    "memorysetup-temp-allocator-size-gi-baking-worker=262144"
    "memorysetup-temp-allocator-size-gi-baking-worker=262144"
    "memorysetup-temp-allocator-size-gfx=262144"
Player connection [8758096128]  Target information:

Player connection [8758096128]  * "[IP] 192.168.1.199 [Port] 0 [Flags] 2 [Guid] 3108581693 [EditorId] 3108581693 [Version] 1048832 [Id] OSXEditor(0,Ekanshs-MacBook-Pro.local) [Debug] 1 [PackageName] OSXEditor [ProjectName] Editor" 

Player connection [8758096128] Host joined multi-casting on [225.0.0.222:54997]...
Player connection [8758096128] Host joined alternative multi-casting on [225.0.0.222:34997]...
JobSystem: Creating JobQueue using job-worker-count value 4
Input System module state changed to: Initialized.
[Physics::Module] Initialized fallback backend.
[Physics::Module] Id: 0xdecafbad
Library Redirect Path: Library/
[Physics::Module] Selected backend.
[Physics::Module] Name: PhysX
[Physics::Module] Id: 0xf2b8ea05
[Physics::Module] SDK Version: 4.1.2
[Physics::Module] Integration Version: 1.0.0
[Physics::Module] Threading Mode: Multi-Threaded
Refreshing native plugins compatible for Editor in 3.38 ms, found 2 plugins.
Preloading 0 native plugins for Editor in 0.00 ms.
Initialize engine version: 6000.3.12f1 (fca03ac9b0d5)
[Subsystems] Discovering subsystems at path /Applications/Unity/Hub/Editor/6000.3.12f1/Unity.app/Contents/Resources/UnitySubsystems
[Subsystems] Discovering subsystems at path /Users/ekansh/SlotBase-ColorfulOrchard/Assets
GfxDevice: creating device client; kGfxThreadingModeNonThreaded
 preferred device: Apple M4 (high power)
Metal devices available: 1
0: Apple M4 (high power)
Using device Apple M4 (high power)
Initializing Metal device caps: Apple M4
Mac GPU Family: 2
Apple GPU Family: 9
MSL Version: 3.0
Has Float MSAA: 1
Has Float Filtering: 1
ReadWrite Texture Tier: 2
Initialize mono
Mono path[0] = '/Applications/Unity/Hub/Editor/6000.3.12f1/Unity.app/Contents/Resources/Scripting/Managed'
Mono path[1] = '/Applications/Unity/Hub/Editor/6000.3.12f1/Unity.app/Contents/Resources/Scripting/MonoBleedingEdge/lib/mono/unityjit-macos'
Mono config path = '/Applications/Unity/Hub/Editor/6000.3.12f1/Unity.app/Contents/Resources/Scripting/MonoBleedingEdge/etc'
Using monoOptions --debugger-agent=transport=dt_socket,embedding=1,server=y,suspend=n,address=127.0.0.1:56496
Begin MonoManager ReloadAssembly
Registering precompiled unity dll's ...
Register platform support module: /Applications/Unity/Hub/Editor/6000.3.12f1/PlaybackEngines/WebGLSupport/UnityEditor.WebGL.Extensions.dll
Register platform support module: /Applications/Unity/Hub/Editor/6000.3.12f1/Unity.app/Contents/PlaybackEngines/MacStandaloneSupport/UnityEditor.OSXStandalone.Extensions.dll
Register platform support module: /Applications/Unity/Hub/Editor/6000.3.12f1/PlaybackEngines/WindowsStandaloneSupport/UnityEditor.WindowsStandalone.Extensions.dll
[Licensing::Module] Licensing is not yet initialized.
[Licensing::Client] Error: HandshakeResponse reported an error:
	ResponseCode: 505
	ResponseStatus: Unsupported protocol version '1.18.1'.
[Licensing::Module] Error: Failed to handshake to channel: "LicenseClient-ekansh"
[Licensing::IpcConnector] LicenseClient-ekansh channel disconnected successfully.
[Licensing::IpcConnector] Successfully connected to: "LicenseClient-ekansh-6000.3.12" at "2026-05-27T04:48:31.794112Z"
[Licensing::Client] Handshaking with LicensingClient:
  Version:                 1.18.1+9fbee8e
  Session Id:              63e14e80e3834ce7b28e924035f38dda
  Correlation Id:          77491a29c64837181a0d443a75fa1ced
  External correlation Id: 31955319515755510
  Machine Id:              T6PRZgWmeJNN6t/qHh+fGWtf7D8=
[Licensing::Module] Successfully connected to LicensingClient on channel: "LicenseClient-ekansh-6000.3.12" (connect: 0.00s, validation: 0.00s, handshake: 0.38s)
[Licensing::IpcConnector] Successfully connected to: "LicenseClient-ekansh-6000.3.12-notifications" at "2026-05-27T04:48:32.175987Z"
[Licensing::Module] Licensing Background thread has ended after 0.91s
[Licensing::Module] Licensing is initialized (took 0.42s).
[Licensing::Client] Successfully resolved entitlement details
[Licensing::Module] License group:
  Id: 13469872263598-UnityPersXXXX
  Product: Unity Personal
  Type: Assigned
  Expiration: Unlimited
Register platform support module: /Applications/Unity/Hub/Editor/6000.3.12f1/PlaybackEngines/AndroidPlayer/UnityEditor.Android.Extensions.dll
[Licensing::Client] Successfully resolved entitlement details
Register platform support module: /Applications/Unity/Hub/Editor/6000.3.12f1/PlaybackEngines/iOSSupport/UnityEditor.iOS.Extensions.dll
Registered in 0.426297 seconds.
- Loaded All Assemblies, in  0.681 seconds
[usbmuxd] Start listen thread
[usbmuxd] Listen thread started
[usbmuxd] Send listen message
Native extension for iOS target not found
2026-05-27 10:18:32.378 Unity[1496:60663] [XcodeApplications] Expected com.apple.dt.Xcode CFBundleIdentifier but found com.microsoft.VSCode in /Applications/Visual Studio Code.app/Contents/Info.plist
Native extension for Android target not found
Native extension for WindowsStandalone target not found
Native extension for OSXStandalone target not found
Native extension for WebGL target not found
Package Manager log level set to [2]
[Package Manager] Failed to launch server process. Reason: Unity was launched with the -noUpm command-line argument
[Package Manager] Unable to send message (not connected to server process).
[Package Manager] Cannot connect to Unity Package Manager local server
ScheduleIndexationOnStartup MainProcess:False IndexOnStartup:True
Mono: successfully reloaded assembly
- Finished resetting the current domain, in  0.243 seconds
Domain Reload Profiling: 924ms
	BeginReloadAssembly (92ms)
		ExecutionOrderSort (0ms)
		DisableScriptedObjects (0ms)
		BackupInstance (0ms)
		ReleaseScriptingObjects (0ms)
		CreateAndSetChildDomain (0ms)
	RebuildCommonClasses (22ms)
	RebuildNativeTypeToScriptingClass (7ms)
	initialDomainReloadingComplete (448ms)
	LoadAllAssembliesAndSetupDomain (112ms)
		LoadAssemblies (93ms)
		RebuildTransferFunctionScriptingTraits (0ms)
		AnalyzeDomain (109ms)
			TypeCache.Refresh (108ms)
				TypeCache.ScanAssembly (97ms)
			BuildScriptInfoCaches (0ms)
			ResolveRequiredComponents (0ms)
	FinalizeReload (243ms)
		ReleaseScriptCaches (0ms)
		RebuildScriptCaches (0ms)
		SetupLoadedEditorAssemblies (213ms)
			LogAssemblyErrors (0ms)
			InitializePlatformSupportModulesInManaged (57ms)
			SetLoadedEditorAssemblies (2ms)
			BeforeProcessingInitializeOnLoad (43ms)
			ProcessInitializeOnLoadAttributes (64ms)
			ProcessInitializeOnLoadMethodAttributes (47ms)
			AfterProcessingInitializeOnLoad (0ms)
			EditorAssembliesLoaded (0ms)
		ExecutionOrderSort2 (0ms)
		AwakeInstancesAfterBackupRestoration (0ms)
[CoreBusinessMetrics] Unexpected thread when updating session info.
========================================================================
Worker process is ready to serve import requests
Import Worker Mode flag is 0x00
Begin MonoManager ReloadAssembly
[Licensing::Client] Successfully resolved entitlement details
Symbol file LoadedFromMemory is not a mono symbol file
- Loaded All Assemblies, in  0.418 seconds
Refreshing native plugins compatible for Editor in 0.45 ms, found 2 plugins.
Native extension for iOS target not found
2026-05-27 10:18:33.307 Unity[1496:60663] [XcodeApplications] Expected com.apple.dt.Xcode CFBundleIdentifier but found com.microsoft.VSCode in /Applications/Visual Studio Code.app/Contents/Info.plist
Native extension for Android target not found
Native extension for WindowsStandalone target not found
Native extension for OSXStandalone target not found
Native extension for WebGL target not found
[Package Manager] Failed to launch server process. Reason: Unity was launched with the -noUpm command-line argument
[Package Manager] Unable to send message (not connected to server process).
[Package Manager] Cannot connect to Unity Package Manager local server
[Package Manager] Failed to launch server process. Reason: Unity was launched with the -noUpm command-line argument
[Package Manager] Unable to send message (not connected to server process).
[Package Manager] Cannot connect to Unity Package Manager local server
ScheduleIndexationOnStartup MainProcess:False IndexOnStartup:True
Mono: successfully reloaded assembly
- Finished resetting the current domain, in  0.329 seconds
Domain Reload Profiling: 747ms
	BeginReloadAssembly (65ms)
		ExecutionOrderSort (0ms)
		DisableScriptedObjects (3ms)
		BackupInstance (0ms)
		ReleaseScriptingObjects (0ms)
		CreateAndSetChildDomain (13ms)
	RebuildCommonClasses (20ms)
	RebuildNativeTypeToScriptingClass (7ms)
	initialDomainReloadingComplete (17ms)
	LoadAllAssembliesAndSetupDomain (309ms)
		LoadAssemblies (210ms)
		RebuildTransferFunctionScriptingTraits (0ms)
		AnalyzeDomain (128ms)
			TypeCache.Refresh (97ms)
				TypeCache.ScanAssembly (84ms)
			BuildScriptInfoCaches (23ms)
			ResolveRequiredComponents (5ms)
	FinalizeReload (329ms)
		ReleaseScriptCaches (0ms)
		RebuildScriptCaches (0ms)
		SetupLoadedEditorAssemblies (270ms)
			LogAssemblyErrors (0ms)
			InitializePlatformSupportModulesInManaged (9ms)
			SetLoadedEditorAssemblies (2ms)
			BeforeProcessingInitializeOnLoad (69ms)
			ProcessInitializeOnLoadAttributes (163ms)
			ProcessInitializeOnLoadMethodAttributes (27ms)
			AfterProcessingInitializeOnLoad (0ms)
			EditorAssembliesLoaded (0ms)
		ExecutionOrderSort2 (0ms)
		AwakeInstancesAfterBackupRestoration (1ms)
WARNING: Shader Unsupported: 'Spine/Outline/Blend Modes/Skeleton PMA Screen' - All subshaders removed
WARNING: Shader Did you use #pragma only_renderers and omit this platform?
WARNING: Shader If subshaders removal was intentional, you may have forgotten turning Fallback off?
WARNING: Shader Unsupported: 'Spine/Outline/Blend Modes/Skeleton PMA Screen' - All subshaders removed
WARNING: Shader Did you use #pragma only_renderers and omit this platform?
WARNING: Shader If subshaders removal was intentional, you may have forgotten turning Fallback off?
WARNING: Shader Unsupported: 'Spine/Outline/Skeleton Tint Black' - All subshaders removed
WARNING: Shader Did you use #pragma only_renderers and omit this platform?
WARNING: Shader If subshaders removal was intentional, you may have forgotten turning Fallback off?
WARNING: Shader Unsupported: 'Spine/Outline/Skeleton Tint Black' - All subshaders removed
WARNING: Shader Did you use #pragma only_renderers and omit this platform?
WARNING: Shader If subshaders removal was intentional, you may have forgotten turning Fallback off?
WARNING: Shader Unsupported: 'Spine/Outline/SkeletonGraphic' - All subshaders removed
WARNING: Shader Did you use #pragma only_renderers and omit this platform?
WARNING: Shader If subshaders removal was intentional, you may have forgotten turning Fallback off?
WARNING: Shader Unsupported: 'Spine/Outline/SkeletonGraphic' - All subshaders removed
WARNING: Shader Did you use #pragma only_renderers and omit this platform?
WARNING: Shader If subshaders removal was intentional, you may have forgotten turning Fallback off?
WARNING: Shader Unsupported: 'Spine/Outline/Special/Skeleton Grayscale' - All subshaders removed
WARNING: Shader Did you use #pragma only_renderers and omit this platform?
WARNING: Shader If subshaders removal was intentional, you may have forgotten turning Fallback off?
WARNING: Shader Unsupported: 'Spine/Outline/Special/Skeleton Grayscale' - All subshaders removed
WARNING: Shader Did you use #pragma only_renderers and omit this platform?
WARNING: Shader If subshaders removal was intentional, you may have forgotten turning Fallback off?
WARNING: Shader Unsupported: 'Spine/Outline/Sprite/Vertex Lit' - All subshaders removed
WARNING: Shader Did you use #pragma only_renderers and omit this platform?
WARNING: Shader If subshaders removal was intentional, you may have forgotten turning Fallback off?
WARNING: Shader Unsupported: 'Spine/Outline/Sprite/Vertex Lit' - All subshaders removed
WARNING: Shader Did you use #pragma only_renderers and omit this platform?
WARNING: Shader If subshaders removal was intentional, you may have forgotten turning Fallback off?
WARNING: Shader Unsupported: 'Spine/Outline/SkeletonGraphic Tint Black' - All subshaders removed
WARNING: Shader Did you use #pragma only_renderers and omit this platform?
WARNING: Shader If subshaders removal was intentional, you may have forgotten turning Fallback off?
WARNING: Shader Unsupported: 'Spine/Outline/SkeletonGraphic Tint Black' - All subshaders removed
WARNING: Shader Did you use #pragma only_renderers and omit this platform?
WARNING: Shader If subshaders removal was intentional, you may have forgotten turning Fallback off?
WARNING: Shader Unsupported: 'Spine/Outline/Skeleton Lit ZWrite' - All subshaders removed
WARNING: Shader Did you use #pragma only_renderers and omit this platform?
WARNING: Shader If subshaders removal was intentional, you may have forgotten turning Fallback off?
WARNING: Shader Unsupported: 'Spine/Outline/Skeleton Lit ZWrite' - All subshaders removed
WARNING: Shader Did you use #pragma only_renderers and omit this platform?
WARNING: Shader If subshaders removal was intentional, you may have forgotten turning Fallback off?
WARNING: Shader Unsupported: 'Spine/Outline/Skeleton Fill' - All subshaders removed
WARNING: Shader Did you use #pragma only_renderers and omit this platform?
WARNING: Shader If subshaders removal was intentional, you may have forgotten turning Fallback off?
WARNING: Shader Unsupported: 'Spine/Outline/Skeleton Fill' - All subshaders removed
WARNING: Shader Did you use #pragma only_renderers and omit this platform?
WARNING: Shader If subshaders removal was intentional, you may have forgotten turning Fallback off?
WARNING: Shader Unsupported: 'Spine/Outline/Blend Modes/Skeleton PMA Additive' - All subshaders removed
WARNING: Shader Did you use #pragma only_renderers and omit this platform?
WARNING: Shader If subshaders removal was intentional, you may have forgotten turning Fallback off?
WARNING: Shader Unsupported: 'Spine/Outline/Blend Modes/Skeleton PMA Additive' - All subshaders removed
WARNING: Shader Did you use #pragma only_renderers and omit this platform?
WARNING: Shader If subshaders removal was intentional, you may have forgotten turning Fallback off?
WARNING: Shader Unsupported: 'Spine/Outline/Skeleton Lit' - All subshaders removed
WARNING: Shader Did you use #pragma only_renderers and omit this platform?
WARNING: Shader If subshaders removal was intentional, you may have forgotten turning Fallback off?
WARNING: Shader Unsupported: 'Spine/Outline/Skeleton Lit' - All subshaders removed
WARNING: Shader Did you use #pragma only_renderers and omit this platform?
WARNING: Shader If subshaders removal was intentional, you may have forgotten turning Fallback off?
WARNING: Shader Unsupported: 'Spine/Outline/Sprite/Unlit' - All subshaders removed
WARNING: Shader Did you use #pragma only_renderers and omit this platform?
WARNING: Shader If subshaders removal was intentional, you may have forgotten turning Fallback off?
WARNING: Shader Unsupported: 'Spine/Outline/Sprite/Unlit' - All subshaders removed
WARNING: Shader Did you use #pragma only_renderers and omit this platform?
WARNING: Shader If subshaders removal was intentional, you may have forgotten turning Fallback off?
WARNING: Shader Unsupported: 'Spine/Outline/Blend Modes/Skeleton PMA Multiply' - All subshaders removed
WARNING: Shader Did you use #pragma only_renderers and omit this platform?
WARNING: Shader If subshaders removal was intentional, you may have forgotten turning Fallback off?
WARNING: Shader Unsupported: 'Spine/Outline/Blend Modes/Skeleton PMA Multiply' - All subshaders removed
WARNING: Shader Did you use #pragma only_renderers and omit this platform?
WARNING: Shader If subshaders removal was intentional, you may have forgotten turning Fallback off?
WARNING: Shader Unsupported: 'Spine/Outline/Skeleton Tint' - All subshaders removed
WARNING: Shader Did you use #pragma only_renderers and omit this platform?
WARNING: Shader If subshaders removal was intentional, you may have forgotten turning Fallback off?
WARNING: Shader Unsupported: 'Spine/Outline/Skeleton Tint' - All subshaders removed
WARNING: Shader Did you use #pragma only_renderers and omit this platform?
WARNING: Shader If subshaders removal was intentional, you may have forgotten turning Fallback off?
WARNING: Shader Unsupported: 'Spine/Outline/Sprite/Pixel Lit' - All subshaders removed
WARNING: Shader Did you use #pragma only_renderers and omit this platform?
WARNING: Shader If subshaders removal was intentional, you may have forgotten turning Fallback off?
WARNING: Shader Unsupported: 'Spine/Outline/Sprite/Pixel Lit' - All subshaders removed
WARNING: Shader Did you use #pragma only_renderers and omit this platform?
WARNING: Shader If subshaders removal was intentional, you may have forgotten turning Fallback off?
Launching external process: /Applications/Unity/Hub/Editor/6000.3.12f1/Unity.app/Contents/Helpers/UnityShaderCompiler
Launched and connected shader compiler UnityShaderCompiler after 0.02 seconds
Refreshing native plugins compatible for Editor in 0.58 ms, found 2 plugins.
Preloading 0 native plugins for Editor in 0.00 ms.
Unloading 14 Unused Serialized files (Serialized files now loaded: 0)
Unloading 7056 unused Assets / (3.4 MB). Loaded Objects now: 7670.
Memory consumption went from 126.1 MB to 122.7 MB.
Total: 6.267917 ms (FindLiveObjects: 0.663292 ms CreateObjectMapping: 0.171750 ms MarkObjects: 3.772250 ms  DeleteObjects: 1.660375 ms)

========================================================================
Received Import Request.
  Time since last request: 4198.339469 seconds.
  path: Assets/Graphics/Colorful Orchard/PNG_folder/UI/COLORFULORCHARD_BTN/ColorfulOrchard_btn_pause_150x150_v02.png
  artifactKey: Guid(4bf84984fb2e84ed59d32fe810b6245a) Importer(2089858483,b0f066a214c2f5e87bad3c948f4d605d)
Start importing Assets/Graphics/Colorful Orchard/PNG_folder/UI/COLORFULORCHARD_BTN/ColorfulOrchard_btn_pause_150x150_v02.png using Guid(4bf84984fb2e84ed59d32fe810b6245a) Importer(2089858483,b0f066a214c2f5e87bad3c948f4d605d) (ScriptedImporter) -> (artifact id: '99ef0932b859ed8af3ffc3a0d7cd2d07') in 0.055733792 seconds
Number of updated asset objects reloaded before import = 0Number of asset objects unloaded after import = 3

========================================================================
Received Import Request.
  Time since last request: 0.000029 seconds.
  path: Assets/Graphics/Colorful Orchard/PNG_folder/UI/COLORFULORCHARD_BTN/ColorfulOrchard_btn_i_90x90_v03.png
  artifactKey: Guid(c1700c2ec95054ebbb44451581ff45a2) Importer(2089858483,b0f066a214c2f5e87bad3c948f4d605d)
Start importing Assets/Graphics/Colorful Orchard/PNG_folder/UI/COLORFULORCHARD_BTN/ColorfulOrchard_btn_i_90x90_v03.png using Guid(c1700c2ec95054ebbb44451581ff45a2) Importer(2089858483,b0f066a214c2f5e87bad3c948f4d605d) (ScriptedImporter) -> (artifact id: '40aa7270a5fb6c105bf689c8bbc7bb8d') in 0.003467209 seconds
Number of updated asset objects reloaded before import = 0Number of asset objects unloaded after import = 3

========================================================================
Received Import Request.
  Time since last request: 0.000133 seconds.
  path: Assets/Graphics/Colorful Orchard/PNG_folder/UI/COLORFULORCHARD_BTN/ColorfulOrchard_bottombar_win_500x110_v01.png
  artifactKey: Guid(3cf72fea61077431084ee949e65ca2a3) Importer(2089858483,b0f066a214c2f5e87bad3c948f4d605d)
Start importing Assets/Graphics/Colorful Orchard/PNG_folder/UI/COLORFULORCHARD_BTN/ColorfulOrchard_bottombar_win_500x110_v01.png using Guid(3cf72fea61077431084ee949e65ca2a3) Importer(2089858483,b0f066a214c2f5e87bad3c948f4d605d) (ScriptedImporter) -> (artifact id: 'f12e099fd845708a8e94eb0ddae9de3e') in 0.003550375 seconds
Number of updated asset objects reloaded before import = 0Number of asset objects unloaded after import = 3

========================================================================
Received Import Request.
  Time since last request: 0.000047 seconds.
  path: Assets/Graphics/Colorful Orchard/PNG_folder/UI/COLORFULORCHARD_BTN/ColorfulOrchard_topbar_jackpotword_625x75_v01.png
  artifactKey: Guid(9fc5e4d56031342c1b6e38c25d7f8edd) Importer(2089858483,b0f066a214c2f5e87bad3c948f4d605d)
Start importing Assets/Graphics/Colorful Orchard/PNG_folder/UI/COLORFULORCHARD_BTN/ColorfulOrchard_topbar_jackpotword_625x75_v01.png using Guid(9fc5e4d56031342c1b6e38c25d7f8edd) Importer(2089858483,b0f066a214c2f5e87bad3c948f4d605d) (ScriptedImporter) -> (artifact id: 'b74e62d77ea5876d1668f878b84ae65a') in 0.003878375 seconds
Number of updated asset objects reloaded before import = 0Number of asset objects unloaded after import = 3

========================================================================
Received Import Request.
  Time since last request: 0.000048 seconds.
  path: Assets/Graphics/Colorful Orchard/PNG_folder/UI/COLORFULORCHARD_BTN/ColorfulOrchard_btn_Bet_275x100_v03.png
  artifactKey: Guid(21d6eb0f2aa2e4262b38590aa2bcf1f6) Importer(2089858483,b0f066a214c2f5e87bad3c948f4d605d)
Start importing Assets/Graphics/Colorful Orchard/PNG_folder/UI/COLORFULORCHARD_BTN/ColorfulOrchard_btn_Bet_275x100_v03.png using Guid(21d6eb0f2aa2e4262b38590aa2bcf1f6) Importer(2089858483,b0f066a214c2f5e87bad3c948f4d605d) (ScriptedImporter) -> (artifact id: 'c181cca18d594c7f785b91ab756069b4') in 0.004163417 seconds
Number of updated asset objects reloaded before import = 0Number of asset objects unloaded after import = 3

========================================================================
Received Import Request.
  Time since last request: 0.000100 seconds.
  path: Assets/Graphics/Colorful Orchard/PNG_folder/UI/COLORFULORCHARD_BTN/ColorfulOrchard_btn_Bet_275x100_v02.png
  artifactKey: Guid(d00de00939f744d5e83387d403f21030) Importer(2089858483,b0f066a214c2f5e87bad3c948f4d605d)
Start importing Assets/Graphics/Colorful Orchard/PNG_folder/UI/COLORFULORCHARD_BTN/ColorfulOrchard_btn_Bet_275x100_v02.png using Guid(d00de00939f744d5e83387d403f21030) Importer(2089858483,b0f066a214c2f5e87bad3c948f4d605d) (ScriptedImporter) -> (artifact id: '1a2a720b80f9635243ba3b48974db186') in 0.003470125 seconds
Number of updated asset objects reloaded before import = 0Number of asset objects unloaded after import = 3

========================================================================
Received Import Request.
  Time since last request: 0.000093 seconds.
  path: Assets/Graphics/Colorful Orchard/PNG_folder/UI/COLORFULORCHARD_BTN/ColorfulOrchard_btn_sound_90x90_v02.png
  artifactKey: Guid(958fb5773c19b4cc3b12c3bd9622234c) Importer(2089858483,b0f066a214c2f5e87bad3c948f4d605d)
Start importing Assets/Graphics/Colorful Orchard/PNG_folder/UI/COLORFULORCHARD_BTN/ColorfulOrchard_btn_sound_90x90_v02.png using Guid(958fb5773c19b4cc3b12c3bd9622234c) Importer(2089858483,b0f066a214c2f5e87bad3c948f4d605d) (ScriptedImporter) -> (artifact id: 'bb0e92346ac271c23d1099fc6cf852f2') in 0.003725875 seconds
Number of updated asset objects reloaded before import = 0Number of asset objects unloaded after import = 3

========================================================================
Received Import Request.
  Time since last request: 0.000129 seconds.
  path: Assets/Graphics/Colorful Orchard/PNG_folder/UI/COLORFULORCHARD_BTN/ColorfulOrchard_btn_play_150x150_v01.png
  artifactKey: Guid(5d57e89c87c4b44c6b50622a20b08ee5) Importer(2089858483,b0f066a214c2f5e87bad3c948f4d605d)
Start importing Assets/Graphics/Colorful Orchard/PNG_folder/UI/COLORFULORCHARD_BTN/ColorfulOrchard_btn_play_150x150_v01.png using Guid(5d57e89c87c4b44c6b50622a20b08ee5) Importer(2089858483,b0f066a214c2f5e87bad3c948f4d605d) (ScriptedImporter) -> (artifact id: '74a44f3b4ce06fc89325d0d7a86fa408') in 0.003251042 seconds
Number of updated asset objects reloaded before import = 0Number of asset objects unloaded after import = 3

========================================================================
Received Import Request.
  Time since last request: 0.000047 seconds.
  path: Assets/Graphics/Colorful Orchard/PNG_folder/UI/COLORFULORCHARD_BTN/ColorfulOrchard_btn_BetPlusMinus_380x100_v01.png
  artifactKey: Guid(b564f1abea1f742939a6e674a882b975) Importer(2089858483,b0f066a214c2f5e87bad3c948f4d605d)
Start importing Assets/Graphics/Colorful Orchard/PNG_folder/UI/COLORFULORCHARD_BTN/ColorfulOrchard_btn_BetPlusMinus_380x100_v01.png using Guid(b564f1abea1f742939a6e674a882b975) Importer(2089858483,b0f066a214c2f5e87bad3c948f4d605d) (ScriptedImporter) -> (artifact id: '07086dcfbbcc91890195f23a5bf20e28') in 0.004611916 seconds
Number of updated asset objects reloaded before import = 0Number of asset objects unloaded after import = 3

========================================================================
Received Import Request.
  Time since last request: 0.000026 seconds.
  path: Assets/Graphics/Colorful Orchard/PNG_folder/UI/COLORFULORCHARD_BTN/ColorfulOrchard_btn_BackArrow_90x90_v04.png
  artifactKey: Guid(00a9045b1cb5b4dd4996e3a613dc6c3f) Importer(2089858483,b0f066a214c2f5e87bad3c948f4d605d)
Start importing Assets/Graphics/Colorful Orchard/PNG_folder/UI/COLORFULORCHARD_BTN/ColorfulOrchard_btn_BackArrow_90x90_v04.png using Guid(00a9045b1cb5b4dd4996e3a613dc6c3f) Importer(2089858483,b0f066a214c2f5e87bad3c948f4d605d) (ScriptedImporter) -> (artifact id: 'c0e9fe82e03b859f46b95b0de536f371') in 0.0032525 seconds
Number of updated asset objects reloaded before import = 0Number of asset objects unloaded after import = 3

========================================================================
Received Import Request.
  Time since last request: 0.000057 seconds.
  path: Assets/Graphics/Colorful Orchard/PNG_folder/UI/COLORFULORCHARD_BTN/ColorfulOrchard_btn_play_150x150_v03.png
  artifactKey: Guid(be6aa5486292b4d988a480a3abb5a372) Importer(2089858483,b0f066a214c2f5e87bad3c948f4d605d)
Start importing Assets/Graphics/Colorful Orchard/PNG_folder/UI/COLORFULORCHARD_BTN/ColorfulOrchard_btn_play_150x150_v03.png using Guid(be6aa5486292b4d988a480a3abb5a372) Importer(2089858483,b0f066a214c2f5e87bad3c948f4d605d) (ScriptedImporter) -> (artifact id: 'd92ae2f914a8e6a79b015459b7a99d2f') in 0.003489917 seconds
Number of updated asset objects reloaded before import = 0Number of asset objects unloaded after import = 3

========================================================================
Received Import Request.
  Time since last request: 0.000027 seconds.
  path: Assets/Graphics/Colorful Orchard/PNG_folder/UI/COLORFULORCHARD_BTN/ColorfulOrchard_btn_BackArrow_90x90_v02.png
  artifactKey: Guid(a91a88bf5aa8341ad8f96e18558d0d7b) Importer(2089858483,b0f066a214c2f5e87bad3c948f4d605d)
Start importing Assets/Graphics/Colorful Orchard/PNG_folder/UI/COLORFULORCHARD_BTN/ColorfulOrchard_btn_BackArrow_90x90_v02.png using Guid(a91a88bf5aa8341ad8f96e18558d0d7b) Importer(2089858483,b0f066a214c2f5e87bad3c948f4d605d) (ScriptedImporter) -> (artifact id: '47b5403541e348ca2c6bc91c03b01e7a') in 0.003001292 seconds
Number of updated asset objects reloaded before import = 0Number of asset objects unloaded after import = 3

========================================================================
Received Import Request.
  Time since last request: 0.000060 seconds.
  path: Assets/Graphics/Colorful Orchard/PNG_folder/UI/COLORFULORCHARD_BTN/ColorfulOrchard_bottombar_winword_500x110_v01.png
  artifactKey: Guid(4045c7a115db54d2c8a6eeb1fc6a0f7c) Importer(2089858483,b0f066a214c2f5e87bad3c948f4d605d)
Start importing Assets/Graphics/Colorful Orchard/PNG_folder/UI/COLORFULORCHARD_BTN/ColorfulOrchard_bottombar_winword_500x110_v01.png using Guid(4045c7a115db54d2c8a6eeb1fc6a0f7c) Importer(2089858483,b0f066a214c2f5e87bad3c948f4d605d) (ScriptedImporter) -> (artifact id: '3835553822509a44498bac66f5fd1720') in 0.003871417 seconds
Number of updated asset objects reloaded before import = 0Number of asset objects unloaded after import = 3

========================================================================
Received Import Request.
  Time since last request: 0.000033 seconds.
  path: Assets/Graphics/Colorful Orchard/PNG_folder/UI/COLORFULORCHARD_BTN/ColorfulOrchard_btn_sound_90x90_v04.png
  artifactKey: Guid(aeb2d0ecd635a432a984a129d2373ce1) Importer(2089858483,b0f066a214c2f5e87bad3c948f4d605d)
Start importing Assets/Graphics/Colorful Orchard/PNG_folder/UI/COLORFULORCHARD_BTN/ColorfulOrchard_btn_sound_90x90_v04.png using Guid(aeb2d0ecd635a432a984a129d2373ce1) Importer(2089858483,b0f066a214c2f5e87bad3c948f4d605d) (ScriptedImporter) -> (artifact id: '501f6f3e36c9343d99ee3587e2c41657') in 0.003783667 seconds
Number of updated asset objects reloaded before import = 0Number of asset objects unloaded after import = 3

========================================================================
Received Import Request.
  Time since last request: 0.000037 seconds.
  path: Assets/Graphics/Colorful Orchard/PNG_folder/UI/COLORFULORCHARD_BTN/ColorfulOrchard_btn_MaxBet_250x100_v04.png
  artifactKey: Guid(c51ceeca53f2d470db9eae06020dea72) Importer(2089858483,b0f066a214c2f5e87bad3c948f4d605d)
Start importing Assets/Graphics/Colorful Orchard/PNG_folder/UI/COLORFULORCHARD_BTN/ColorfulOrchard_btn_MaxBet_250x100_v04.png using Guid(c51ceeca53f2d470db9eae06020dea72) Importer(2089858483,b0f066a214c2f5e87bad3c948f4d605d) (ScriptedImporter) -> (artifact id: '8080f4351be3ba6bc897e6711e015d2d') in 0.0032765 seconds
Number of updated asset objects reloaded before import = 0Number of asset objects unloaded after import = 3

========================================================================
Received Import Request.
  Time since last request: 0.000057 seconds.
  path: Assets/Graphics/Colorful Orchard/PNG_folder/UI/COLORFULORCHARD_BTN/ColorfulOrchard_btn_MaxBet_250x100_v01.png
  artifactKey: Guid(30778b424e5e649fcae408382b729128) Importer(2089858483,b0f066a214c2f5e87bad3c948f4d605d)
Start importing Assets/Graphics/Colorful Orchard/PNG_folder/UI/COLORFULORCHARD_BTN/ColorfulOrchard_btn_MaxBet_250x100_v01.png using Guid(30778b424e5e649fcae408382b729128) Importer(2089858483,b0f066a214c2f5e87bad3c948f4d605d) (ScriptedImporter) -> (artifact id: 'df6ba4ba975d6bcf13cafa06d132b758') in 0.003372208 seconds
Number of updated asset objects reloaded before import = 0Number of asset objects unloaded after import = 3

========================================================================
Received Import Request.
  Time since last request: 0.000033 seconds.
  path: Assets/Graphics/Colorful Orchard/PNG_folder/UI/COLORFULORCHARD_BTN/ColorfulOrchard_topbar_jackpot_625x75_v01.png
  artifactKey: Guid(58a4591dfe5e1488d8cb575cce65cfcc) Importer(2089858483,b0f066a214c2f5e87bad3c948f4d605d)
Start importing Assets/Graphics/Colorful Orchard/PNG_folder/UI/COLORFULORCHARD_BTN/ColorfulOrchard_topbar_jackpot_625x75_v01.png using Guid(58a4591dfe5e1488d8cb575cce65cfcc) Importer(2089858483,b0f066a214c2f5e87bad3c948f4d605d) (ScriptedImporter) -> (artifact id: '0825f2bc2baccbc1a3c75e88416a9b6c') in 0.003399333 seconds
Number of updated asset objects reloaded before import = 0Number of asset objects unloaded after import = 3

========================================================================
Received Import Request.
  Time since last request: 0.000093 seconds.
  path: Assets/Graphics/Colorful Orchard/PNG_folder/UI/COLORFULORCHARD_BTN/ColorfulOrchard_btn_pause_150x150_v04.png
  artifactKey: Guid(effe8ae2be65846dbad1dafef37bbc9c) Importer(2089858483,b0f066a214c2f5e87bad3c948f4d605d)
Start importing Assets/Graphics/Colorful Orchard/PNG_folder/UI/COLORFULORCHARD_BTN/ColorfulOrchard_btn_pause_150x150_v04.png using Guid(effe8ae2be65846dbad1dafef37bbc9c) Importer(2089858483,b0f066a214c2f5e87bad3c948f4d605d) (ScriptedImporter) -> (artifact id: 'b3a6d5636953a0a386e5cb428afad12c') in 0.003950834 seconds
Number of updated asset objects reloaded before import = 0Number of asset objects unloaded after import = 3

========================================================================
Received Import Request.
  Time since last request: 0.000042 seconds.
  path: Assets/Graphics/Colorful Orchard/PNG_folder/UI/COLORFULORCHARD_BTN/ColorfulOrchard_btn_i_90x90_v04.png
  artifactKey: Guid(14061c0175ada44cdb6c2bf9bd53da3f) Importer(2089858483,b0f066a214c2f5e87bad3c948f4d605d)
Start importing Assets/Graphics/Colorful Orchard/PNG_folder/UI/COLORFULORCHARD_BTN/ColorfulOrchard_btn_i_90x90_v04.png using Guid(14061c0175ada44cdb6c2bf9bd53da3f) Importer(2089858483,b0f066a214c2f5e87bad3c948f4d605d) (ScriptedImporter) -> (artifact id: '2f3822fbe5aa8d9f3f77b2782f276857') in 0.003186 seconds
Number of updated asset objects reloaded before import = 0Number of asset objects unloaded after import = 3

========================================================================
Received Import Request.
  Time since last request: 0.000034 seconds.
  path: Assets/Graphics/Colorful Orchard/PNG_folder/UI/COLORFULORCHARD_BTN/ColorfulOrchard_btn_Bet_275x100_v01.png
  artifactKey: Guid(0f4ec9624f77841f1bcd0fa99d2b7dda) Importer(2089858483,b0f066a214c2f5e87bad3c948f4d605d)
Start importing Assets/Graphics/Colorful Orchard/PNG_folder/UI/COLORFULORCHARD_BTN/ColorfulOrchard_btn_Bet_275x100_v01.png using Guid(0f4ec9624f77841f1bcd0fa99d2b7dda) Importer(2089858483,b0f066a214c2f5e87bad3c948f4d605d) (ScriptedImporter) -> (artifact id: 'e0b972648339dab33ee2b89d271f2a9a') in 0.003182917 seconds
Number of updated asset objects reloaded before import = 0Number of asset objects unloaded after import = 3

========================================================================
Received Import Request.
  Time since last request: 0.000078 seconds.
  path: Assets/Graphics/Colorful Orchard/PNG_folder/UI/COLORFULORCHARD_BTN/ColorfulOrchard_btn_BetPlusMinus_380x100_v02.png
  artifactKey: Guid(9928d9a49738d4ff6af27aa6e248f16c) Importer(2089858483,b0f066a214c2f5e87bad3c948f4d605d)
Start importing Assets/Graphics/Colorful Orchard/PNG_folder/UI/COLORFULORCHARD_BTN/ColorfulOrchard_btn_BetPlusMinus_380x100_v02.png using Guid(9928d9a49738d4ff6af27aa6e248f16c) Importer(2089858483,b0f066a214c2f5e87bad3c948f4d605d) (ScriptedImporter) -> (artifact id: 'e39a15ac31fff54d0852f05c5c0ed8ec') in 0.003667208 seconds
Number of updated asset objects reloaded before import = 0Number of asset objects unloaded after import = 3

========================================================================
Received Import Request.
  Time since last request: 0.000033 seconds.
  path: Assets/Graphics/Colorful Orchard/PNG_folder/UI/COLORFULORCHARD_BTN/ColorfulOrchard_btn_MaxBet_250x100_v03.png
  artifactKey: Guid(c158956812c2f438884f465205750618) Importer(2089858483,b0f066a214c2f5e87bad3c948f4d605d)
Start importing Assets/Graphics/Colorful Orchard/PNG_folder/UI/COLORFULORCHARD_BTN/ColorfulOrchard_btn_MaxBet_250x100_v03.png using Guid(c158956812c2f438884f465205750618) Importer(2089858483,b0f066a214c2f5e87bad3c948f4d605d) (ScriptedImporter) -> (artifact id: '352c0c507cdcea06383fa7bc6164684c') in 0.002990709 seconds
Number of updated asset objects reloaded before import = 0Number of asset objects unloaded after import = 3

========================================================================
Received Import Request.
  Time since last request: 0.000102 seconds.
  path: Assets/Graphics/Colorful Orchard/PNG_folder/UI/COLORFULORCHARD_BTN/ColorfulOrchard_btn_BetPlusMinus_380x100_v04.png
  artifactKey: Guid(37c8ba3652a6247bc886a57b42a91416) Importer(2089858483,b0f066a214c2f5e87bad3c948f4d605d)
Start importing Assets/Graphics/Colorful Orchard/PNG_folder/UI/COLORFULORCHARD_BTN/ColorfulOrchard_btn_BetPlusMinus_380x100_v04.png using Guid(37c8ba3652a6247bc886a57b42a91416) Importer(2089858483,b0f066a214c2f5e87bad3c948f4d605d) (ScriptedImporter) -> (artifact id: '7ebc8c2eee5e982f65a8fc4f78c83409') in 0.004080834 seconds
Number of updated asset objects reloaded before import = 0Number of asset objects unloaded after import = 3

========================================================================
Received Import Request.
  Time since last request: 992.817769 seconds.
  path: Assets/Scenes/MainScene.unity
  artifactKey: Guid(2cda990e2423bbf4892e6590ba056729) Importer(2089858483,b0f066a214c2f5e87bad3c948f4d605d)
Start importing Assets/Scenes/MainScene.unity using Guid(2cda990e2423bbf4892e6590ba056729) Importer(2089858483,b0f066a214c2f5e87bad3c948f4d605d) (ScriptedImporter) -> (artifact id: '9f658d6a94c2ee94b29580c2508a6039') in 0.056704334 seconds
Number of updated asset objects reloaded before import = 0Number of asset objects unloaded after import = 1

========================================================================
Received Import Request.
  Time since last request: 2565.160174 seconds.
  path: Assets/Graphics/Colorful Orchard/12 Fps/Intro Anim_00014.heic
  artifactKey: Guid(90a88723dc3304935b1df4138074e617) Importer(2089858483,b0f066a214c2f5e87bad3c948f4d605d)
Start importing Assets/Graphics/Colorful Orchard/12 Fps/Intro Anim_00014.heic using Guid(90a88723dc3304935b1df4138074e617) Importer(2089858483,b0f066a214c2f5e87bad3c948f4d605d) (ScriptedImporter) -> (artifact id: '450755bd474aa538bb59baaed820da83') in 0.012275667 seconds
Number of updated asset objects reloaded before import = 0Number of asset objects unloaded after import = 1

========================================================================
Received Import Request.
  Time since last request: 0.000119 seconds.
  path: Assets/Graphics/Colorful Orchard/12 Fps/Intro Anim_00002.heic
  artifactKey: Guid(98c4a12e6fe5d44c1993717d308e4446) Importer(2089858483,b0f066a214c2f5e87bad3c948f4d605d)
Start importing Assets/Graphics/Colorful Orchard/12 Fps/Intro Anim_00002.heic using Guid(98c4a12e6fe5d44c1993717d308e4446) Importer(2089858483,b0f066a214c2f5e87bad3c948f4d605d) (ScriptedImporter) -> (artifact id: '6b4b017be13f1f20d9711ce512248d1f') in 0.002486791 seconds
Number of updated asset objects reloaded before import = 0Number of asset objects unloaded after import = 1

========================================================================
Received Import Request.
  Time since last request: 0.000078 seconds.
  path: Assets/Graphics/Colorful Orchard/12 Fps/Intro Anim_00013.heic
  artifactKey: Guid(41e0645e11fa44df6b736ce98b897092) Importer(2089858483,b0f066a214c2f5e87bad3c948f4d605d)
Start importing Assets/Graphics/Colorful Orchard/12 Fps/Intro Anim_00013.heic using Guid(41e0645e11fa44df6b736ce98b897092) Importer(2089858483,b0f066a214c2f5e87bad3c948f4d605d) (ScriptedImporter) -> (artifact id: 'a9c290351b69943f790b5390ef5a070b') in 0.002410833 seconds
Number of updated asset objects reloaded before import = 0Number of asset objects unloaded after import = 1

========================================================================
Received Import Request.
  Time since last request: 0.000082 seconds.
  path: Assets/Graphics/Colorful Orchard/12 Fps/Intro Anim_00031.heic
  artifactKey: Guid(277b558ab64fe4099afe02cae35e62f1) Importer(2089858483,b0f066a214c2f5e87bad3c948f4d605d)
Start importing Assets/Graphics/Colorful Orchard/12 Fps/Intro Anim_00031.heic using Guid(277b558ab64fe4099afe02cae35e62f1) Importer(2089858483,b0f066a214c2f5e87bad3c948f4d605d) (ScriptedImporter) -> (artifact id: '0cea37fc374680415509cf58edfb1132') in 0.002360875 seconds
Number of updated asset objects reloaded before import = 0Number of asset objects unloaded after import = 1

========================================================================
Received Import Request.
  Time since last request: 0.000062 seconds.
  path: Assets/Graphics/Colorful Orchard/12 Fps/Intro Anim_00018.heic
  artifactKey: Guid(7048338b0134846d69aef0e82b85709c) Importer(2089858483,b0f066a214c2f5e87bad3c948f4d605d)
Start importing Assets/Graphics/Colorful Orchard/12 Fps/Intro Anim_00018.heic using Guid(7048338b0134846d69aef0e82b85709c) Importer(2089858483,b0f066a214c2f5e87bad3c948f4d605d) (ScriptedImporter) -> (artifact id: '60463e04ec388e75793a6dc1847b53dc') in 0.002622334 seconds
Number of updated asset objects reloaded before import = 0Number of asset objects unloaded after import = 1

========================================================================
Received Import Request.
  Time since last request: 0.000089 seconds.
  path: Assets/Graphics/Colorful Orchard/12 Fps/Intro Anim_00027.heic
  artifactKey: Guid(26be4484de3814e1ab89d82c6e348e89) Importer(2089858483,b0f066a214c2f5e87bad3c948f4d605d)
Start importing Assets/Graphics/Colorful Orchard/12 Fps/Intro Anim_00027.heic using Guid(26be4484de3814e1ab89d82c6e348e89) Importer(2089858483,b0f066a214c2f5e87bad3c948f4d605d) (ScriptedImporter) -> (artifact id: '3faa67df1ecb761e333e9eec87b285f1') in 0.002389167 seconds
Number of updated asset objects reloaded before import = 0Number of asset objects unloaded after import = 1

========================================================================
Received Import Request.
  Time since last request: 0.000114 seconds.
  path: Assets/Graphics/Colorful Orchard/12 Fps/Intro Anim_00023.heic
  artifactKey: Guid(b7f1891174d8f4be4b76e62ddddca709) Importer(2089858483,b0f066a214c2f5e87bad3c948f4d605d)
Start importing Assets/Graphics/Colorful Orchard/12 Fps/Intro Anim_00023.heic using Guid(b7f1891174d8f4be4b76e62ddddca709) Importer(2089858483,b0f066a214c2f5e87bad3c948f4d605d) (ScriptedImporter) -> (artifact id: '2a27443b8f5ab09b915e595208228a8c') in 0.002400208 seconds
Number of updated asset objects reloaded before import = 0Number of asset objects unloaded after import = 1

========================================================================
Received Import Request.
  Time since last request: 0.000087 seconds.
  path: Assets/Graphics/Colorful Orchard/12 Fps/Intro Anim_00022.heic
  artifactKey: Guid(25042e97cf4104f25afcff2eb0a18013) Importer(2089858483,b0f066a214c2f5e87bad3c948f4d605d)
Start importing Assets/Graphics/Colorful Orchard/12 Fps/Intro Anim_00022.heic using Guid(25042e97cf4104f25afcff2eb0a18013) Importer(2089858483,b0f066a214c2f5e87bad3c948f4d605d) (ScriptedImporter) -> (artifact id: '662bbd7d2affc4727b2d323e31c2fb68') in 0.002158708 seconds
Number of updated asset objects reloaded before import = 0Number of asset objects unloaded after import = 1

========================================================================
Received Import Request.
  Time since last request: 0.000057 seconds.
  path: Assets/Graphics/Colorful Orchard/12 Fps/Intro Anim_00020.heic
  artifactKey: Guid(e40cd09686307482eb3893fbc91f592c) Importer(2089858483,b0f066a214c2f5e87bad3c948f4d605d)
Start importing Assets/Graphics/Colorful Orchard/12 Fps/Intro Anim_00020.heic using Guid(e40cd09686307482eb3893fbc91f592c) Importer(2089858483,b0f066a214c2f5e87bad3c948f4d605d) (ScriptedImporter) -> (artifact id: '3d3b934c48b85c71ec19d9519416b670') in 0.002250333 seconds
Number of updated asset objects reloaded before import = 0Number of asset objects unloaded after import = 1

========================================================================
Received Import Request.
  Time since last request: 0.000063 seconds.
  path: Assets/Graphics/Colorful Orchard/12 Fps/Intro Anim_00032.heic
  artifactKey: Guid(eb6b6471fcf2f46acacc9431f83c53d1) Importer(2089858483,b0f066a214c2f5e87bad3c948f4d605d)
Start importing Assets/Graphics/Colorful Orchard/12 Fps/Intro Anim_00032.heic using Guid(eb6b6471fcf2f46acacc9431f83c53d1) Importer(2089858483,b0f066a214c2f5e87bad3c948f4d605d) (ScriptedImporter) -> (artifact id: '9e0b41116f16ee0e260677d51b897d57') in 0.002129375 seconds
Number of updated asset objects reloaded before import = 0Number of asset objects unloaded after import = 1

========================================================================
Received Import Request.
  Time since last request: 0.000067 seconds.
  path: Assets/Graphics/Colorful Orchard/12 Fps/Intro Anim_00003.heic
  artifactKey: Guid(08d6b7d5c899f4bdabc79af555ae934b) Importer(2089858483,b0f066a214c2f5e87bad3c948f4d605d)
Start importing Assets/Graphics/Colorful Orchard/12 Fps/Intro Anim_00003.heic using Guid(08d6b7d5c899f4bdabc79af555ae934b) Importer(2089858483,b0f066a214c2f5e87bad3c948f4d605d) (ScriptedImporter) -> (artifact id: 'd5ece7c76a5ddc4f9dff3f2c4b67e5f9') in 0.001930125 seconds
Number of updated asset objects reloaded before import = 0Number of asset objects unloaded after import = 1

========================================================================
Received Import Request.
  Time since last request: 0.000083 seconds.
  path: Assets/Graphics/Colorful Orchard/12 Fps/Intro Anim_00004.heic
  artifactKey: Guid(026d2504876e24f1dbdfc959bf1e50ca) Importer(2089858483,b0f066a214c2f5e87bad3c948f4d605d)
Start importing Assets/Graphics/Colorful Orchard/12 Fps/Intro Anim_00004.heic using Guid(026d2504876e24f1dbdfc959bf1e50ca) Importer(2089858483,b0f066a214c2f5e87bad3c948f4d605d) (ScriptedImporter) -> (artifact id: '7a2a9d65d2cc380e97b9eea7302f13ec') in 0.002151916 seconds
Number of updated asset objects reloaded before import = 0Number of asset objects unloaded after import = 1

========================================================================
Received Import Request.
  Time since last request: 0.000073 seconds.
  path: Assets/Graphics/Colorful Orchard/12 Fps/Intro Anim_00011.heic
  artifactKey: Guid(6e1ce7fff017d4180a07ef9c12c62b0d) Importer(2089858483,b0f066a214c2f5e87bad3c948f4d605d)
Start importing Assets/Graphics/Colorful Orchard/12 Fps/Intro Anim_00011.heic using Guid(6e1ce7fff017d4180a07ef9c12c62b0d) Importer(2089858483,b0f066a214c2f5e87bad3c948f4d605d) (ScriptedImporter) -> (artifact id: '39d3e21a5c58c8de031626f99a97f1a9') in 0.00202875 seconds
Number of updated asset objects reloaded before import = 0Number of asset objects unloaded after import = 1

========================================================================
Received Import Request.
  Time since last request: 0.000154 seconds.
  path: Assets/Graphics/Colorful Orchard/12 Fps/Intro Anim_00026.heic
  artifactKey: Guid(a15db4151ca3b4597843e8d36ee8046a) Importer(2089858483,b0f066a214c2f5e87bad3c948f4d605d)
Start importing Assets/Graphics/Colorful Orchard/12 Fps/Intro Anim_00026.heic using Guid(a15db4151ca3b4597843e8d36ee8046a) Importer(2089858483,b0f066a214c2f5e87bad3c948f4d605d) (ScriptedImporter) -> (artifact id: 'abad7ad976acefbf97c5e279cdb7393b') in 0.002106417 seconds
Number of updated asset objects reloaded before import = 0Number of asset objects unloaded after import = 1

========================================================================
Received Import Request.
  Time since last request: 0.000131 seconds.
  path: Assets/Graphics/Colorful Orchard/12 Fps
  artifactKey: Guid(8565bf52be7654c13b96b4381b9b2118) Importer(2089858483,b0f066a214c2f5e87bad3c948f4d605d)
Start importing Assets/Graphics/Colorful Orchard/12 Fps using Guid(8565bf52be7654c13b96b4381b9b2118) Importer(2089858483,b0f066a214c2f5e87bad3c948f4d605d) (ScriptedImporter) -> (artifact id: 'd23288695a53c600c816e6aba3531593') in 0.002210958 seconds
Number of updated asset objects reloaded before import = 0Number of asset objects unloaded after import = 1

========================================================================
Received Import Request.
  Time since last request: 0.000080 seconds.
  path: Assets/Graphics/Colorful Orchard/12 Fps/Intro Anim_00030.heic
  artifactKey: Guid(14f1439d019d54f5a9c0dbfed2420cb4) Importer(2089858483,b0f066a214c2f5e87bad3c948f4d605d)
Start importing Assets/Graphics/Colorful Orchard/12 Fps/Intro Anim_00030.heic using Guid(14f1439d019d54f5a9c0dbfed2420cb4) Importer(2089858483,b0f066a214c2f5e87bad3c948f4d605d) (ScriptedImporter) -> (artifact id: '79a53a68ad48cecab89c9f623d59ebdd') in 0.002086583 seconds
Number of updated asset objects reloaded before import = 0Number of asset objects unloaded after import = 1

========================================================================
Received Import Request.
  Time since last request: 0.000101 seconds.
  path: Assets/Graphics/Colorful Orchard/12 Fps/Intro Anim_00001.heic
  artifactKey: Guid(113355e9e53424493a19a90f52715df4) Importer(2089858483,b0f066a214c2f5e87bad3c948f4d605d)
Start importing Assets/Graphics/Colorful Orchard/12 Fps/Intro Anim_00001.heic using Guid(113355e9e53424493a19a90f52715df4) Importer(2089858483,b0f066a214c2f5e87bad3c948f4d605d) (ScriptedImporter) -> (artifact id: 'bdcf4698aa06c7f8682ca7abe29dacf1') in 0.002293792 seconds
Number of updated asset objects reloaded before import = 0Number of asset objects unloaded after import = 1

========================================================================
Received Import Request.
  Time since last request: 582.611003 seconds.
  path: Assets/12 Fps/Intro Anim_00001.png
  artifactKey: Guid(b2411f9cd16fa4c7e972360492a99158) Importer(2089858483,b0f066a214c2f5e87bad3c948f4d605d)
Start importing Assets/12 Fps/Intro Anim_00001.png using Guid(b2411f9cd16fa4c7e972360492a99158) Importer(2089858483,b0f066a214c2f5e87bad3c948f4d605d) (ScriptedImporter) -> (artifact id: 'e04f7d26239a13cdbb81edabb42c0474') in 0.009482 seconds
Number of updated asset objects reloaded before import = 0Number of asset objects unloaded after import = 3

========================================================================
Received Import Request.
  Time since last request: 0.000036 seconds.
  path: Assets/12 Fps/Intro Anim_00014.png
  artifactKey: Guid(3463cb233dca14717ab043d5b35061ae) Importer(2089858483,b0f066a214c2f5e87bad3c948f4d605d)
Start importing Assets/12 Fps/Intro Anim_00014.png using Guid(3463cb233dca14717ab043d5b35061ae) Importer(2089858483,b0f066a214c2f5e87bad3c948f4d605d) (ScriptedImporter) -> (artifact id: '32fc23fdd8708d72c87aea36bb206ae1') in 0.006393166 seconds
Number of updated asset objects reloaded before import = 0Number of asset objects unloaded after import = 3

========================================================================
Received Import Request.
  Time since last request: 0.000100 seconds.
  path: Assets/12 Fps/Intro Anim_00009.png
  artifactKey: Guid(06a32fa655f694d8da6d3021857fb230) Importer(2089858483,b0f066a214c2f5e87bad3c948f4d605d)
Start importing Assets/12 Fps/Intro Anim_00009.png using Guid(06a32fa655f694d8da6d3021857fb230) Importer(2089858483,b0f066a214c2f5e87bad3c948f4d605d) (ScriptedImporter) -> (artifact id: 'db32c37891d4250541bad7f9728dade3') in 0.007751083 seconds
Number of updated asset objects reloaded before import = 0Number of asset objects unloaded after import = 3

========================================================================
Received Import Request.
  Time since last request: 0.000055 seconds.
  path: Assets/12 Fps/Intro Anim_00012.png
  artifactKey: Guid(add4ac138ac094d3fb3d54ac057e1b16) Importer(2089858483,b0f066a214c2f5e87bad3c948f4d605d)
Start importing Assets/12 Fps/Intro Anim_00012.png using Guid(add4ac138ac094d3fb3d54ac057e1b16) Importer(2089858483,b0f066a214c2f5e87bad3c948f4d605d) (ScriptedImporter) -> (artifact id: 'd77cb0ec462ef906b436d7daf743f02b') in 0.006374917 seconds
Number of updated asset objects reloaded before import = 0Number of asset objects unloaded after import = 3

========================================================================
Received Import Request.
  Time since last request: 0.000131 seconds.
  path: Assets/12 Fps/Intro Anim_00000.png
  artifactKey: Guid(5db2e9e26b5f44eb18bbf3f564b7ea25) Importer(2089858483,b0f066a214c2f5e87bad3c948f4d605d)
Start importing Assets/12 Fps/Intro Anim_00000.png using Guid(5db2e9e26b5f44eb18bbf3f564b7ea25) Importer(2089858483,b0f066a214c2f5e87bad3c948f4d605d) (ScriptedImporter) -> (artifact id: '6bb37df055aa6515f1dcbaad64f45180') in 0.008374625 seconds
Number of updated asset objects reloaded before import = 0Number of asset objects unloaded after import = 3

========================================================================
Received Import Request.
  Time since last request: 0.000043 seconds.
  path: Assets/12 Fps/Intro Anim_00027.png
  artifactKey: Guid(31513330f5acb4479b899ad7138d1967) Importer(2089858483,b0f066a214c2f5e87bad3c948f4d605d)
Start importing Assets/12 Fps/Intro Anim_00027.png using Guid(31513330f5acb4479b899ad7138d1967) Importer(2089858483,b0f066a214c2f5e87bad3c948f4d605d) (ScriptedImporter) -> (artifact id: '8009490887377c1319cff140fe5a2783') in 0.006140625 seconds
Number of updated asset objects reloaded before import = 0Number of asset objects unloaded after import = 3

========================================================================
Received Import Request.
  Time since last request: 0.000058 seconds.
  path: Assets/12 Fps/Intro Anim_00017.png
  artifactKey: Guid(e1a64222de11b4241842bc3e07f76dd4) Importer(2089858483,b0f066a214c2f5e87bad3c948f4d605d)
Start importing Assets/12 Fps/Intro Anim_00017.png using Guid(e1a64222de11b4241842bc3e07f76dd4) Importer(2089858483,b0f066a214c2f5e87bad3c948f4d605d) (ScriptedImporter) -> (artifact id: 'b63fc46a6c14a12e4a77be60a88845a7') in 0.006087917 seconds
Number of updated asset objects reloaded before import = 0Number of asset objects unloaded after import = 3

========================================================================
Received Import Request.
  Time since last request: 0.000103 seconds.
  path: Assets/12 Fps/Intro Anim_00008.png
  artifactKey: Guid(eb9aa343862c043c49de35315e2a76f6) Importer(2089858483,b0f066a214c2f5e87bad3c948f4d605d)
Start importing Assets/12 Fps/Intro Anim_00008.png using Guid(eb9aa343862c043c49de35315e2a76f6) Importer(2089858483,b0f066a214c2f5e87bad3c948f4d605d) (ScriptedImporter) -> (artifact id: '305283ea44a45a74ba506fe60d12cedf') in 0.006326584 seconds
Number of updated asset objects reloaded before import = 0Number of asset objects unloaded after import = 3

========================================================================
Received Import Request.
  Time since last request: 0.000035 seconds.
  path: Assets/12 Fps/Intro Anim_00005.png
  artifactKey: Guid(7bac4609b3f7a4c1183c1f656e43ed4f) Importer(2089858483,b0f066a214c2f5e87bad3c948f4d605d)
Start importing Assets/12 Fps/Intro Anim_00005.png using Guid(7bac4609b3f7a4c1183c1f656e43ed4f) Importer(2089858483,b0f066a214c2f5e87bad3c948f4d605d) (ScriptedImporter) -> (artifact id: 'ccd70df695506f89ad7a2f5474ace783') in 0.005484791 seconds
Number of updated asset objects reloaded before import = 0Number of asset objects unloaded after import = 3

========================================================================
Received Import Request.
  Time since last request: 0.000102 seconds.
  path: Assets/12 Fps/Intro Anim_00022.png
  artifactKey: Guid(6bb9d1637bd524dd7a7d57dde0cb97f9) Importer(2089858483,b0f066a214c2f5e87bad3c948f4d605d)
Start importing Assets/12 Fps/Intro Anim_00022.png using Guid(6bb9d1637bd524dd7a7d57dde0cb97f9) Importer(2089858483,b0f066a214c2f5e87bad3c948f4d605d) (ScriptedImporter) -> (artifact id: '969a416045b540a7662dc0ac04ced2ba') in 0.007336958 seconds
Number of updated asset objects reloaded before import = 0Number of asset objects unloaded after import = 3

========================================================================
Received Import Request.
  Time since last request: 0.000083 seconds.
  path: Assets/12 Fps/Intro Anim_00028.png
  artifactKey: Guid(5c6a08fdf372d4551a7ad1925273d1b8) Importer(2089858483,b0f066a214c2f5e87bad3c948f4d605d)
Start importing Assets/12 Fps/Intro Anim_00028.png using Guid(5c6a08fdf372d4551a7ad1925273d1b8) Importer(2089858483,b0f066a214c2f5e87bad3c948f4d605d) (ScriptedImporter) -> (artifact id: '4ff8f09e9c404e065471219f4c9acc37') in 0.005194375 seconds
Number of updated asset objects reloaded before import = 0Number of asset objects unloaded after import = 3

========================================================================
Received Import Request.
  Time since last request: 0.000041 seconds.
  path: Assets/12 Fps/Intro Anim_00006.png
  artifactKey: Guid(16c69d1ffd0fb4ca4a60e7b42141b402) Importer(2089858483,b0f066a214c2f5e87bad3c948f4d605d)
Start importing Assets/12 Fps/Intro Anim_00006.png using Guid(16c69d1ffd0fb4ca4a60e7b42141b402) Importer(2089858483,b0f066a214c2f5e87bad3c948f4d605d) (ScriptedImporter) -> (artifact id: '39e3aa34da38d09c00bbce5924be2d55') in 0.006956833 seconds
Number of updated asset objects reloaded before import = 0Number of asset objects unloaded after import = 3

========================================================================
Received Import Request.
  Time since last request: 0.000147 seconds.
  path: Assets/12 Fps/Intro Anim_00032.png
  artifactKey: Guid(f85e3d16dfeaa411b893f2426392d2a7) Importer(2089858483,b0f066a214c2f5e87bad3c948f4d605d)
Start importing Assets/12 Fps/Intro Anim_00032.png using Guid(f85e3d16dfeaa411b893f2426392d2a7) Importer(2089858483,b0f066a214c2f5e87bad3c948f4d605d) (ScriptedImporter) -> (artifact id: '5aee85b7f3cdd3e4a7b80c7cdfc2506a') in 0.005635125 seconds
Number of updated asset objects reloaded before import = 0Number of asset objects unloaded after import = 3

========================================================================
Received Import Request.
  Time since last request: 0.000037 seconds.
  path: Assets/12 Fps/Intro Anim_00010.png
  artifactKey: Guid(9c6ecaa146f5f4dd8adc9b5f73c84ddd) Importer(2089858483,b0f066a214c2f5e87bad3c948f4d605d)
Start importing Assets/12 Fps/Intro Anim_00010.png using Guid(9c6ecaa146f5f4dd8adc9b5f73c84ddd) Importer(2089858483,b0f066a214c2f5e87bad3c948f4d605d) (ScriptedImporter) -> (artifact id: '9b74fde520e1e747e3f707c0e0e1bd71') in 0.007768042 seconds
Number of updated asset objects reloaded before import = 0Number of asset objects unloaded after import = 3

========================================================================
Received Import Request.
  Time since last request: 0.000043 seconds.
  path: Assets/12 Fps/Intro Anim_00011.png
  artifactKey: Guid(879832d2af7014fb7bfdfe5fe778cd31) Importer(2089858483,b0f066a214c2f5e87bad3c948f4d605d)
Start importing Assets/12 Fps/Intro Anim_00011.png using Guid(879832d2af7014fb7bfdfe5fe778cd31) Importer(2089858483,b0f066a214c2f5e87bad3c948f4d605d) (ScriptedImporter) -> (artifact id: '1b5582c9a8b04d1e1a33cbc9e59c0d4d') in 0.006606959 seconds
Number of updated asset objects reloaded before import = 0Number of asset objects unloaded after import = 3

========================================================================
Received Import Request.
  Time since last request: 0.000036 seconds.
  path: Assets/12 Fps/Intro Anim_00025.png
  artifactKey: Guid(3f60a80df51a14cc7b1aa4f08240a740) Importer(2089858483,b0f066a214c2f5e87bad3c948f4d605d)
Start importing Assets/12 Fps/Intro Anim_00025.png using Guid(3f60a80df51a14cc7b1aa4f08240a740) Importer(2089858483,b0f066a214c2f5e87bad3c948f4d605d) (ScriptedImporter) -> (artifact id: '1f3b37a959a6866d1f0d347ed5aac554') in 0.006342875 seconds
Number of updated asset objects reloaded before import = 0Number of asset objects unloaded after import = 3

========================================================================
Received Import Request.
  Time since last request: 0.000123 seconds.
  path: Assets/12 Fps/Intro Anim_00029.png
  artifactKey: Guid(32cb1e269b66e4d3c8bea604997a8f46) Importer(2089858483,b0f066a214c2f5e87bad3c948f4d605d)
Start importing Assets/12 Fps/Intro Anim_00029.png using Guid(32cb1e269b66e4d3c8bea604997a8f46) Importer(2089858483,b0f066a214c2f5e87bad3c948f4d605d) (ScriptedImporter) -> (artifact id: 'e2b05ea693a629c673b2c5e960ef23b5') in 0.006373042 seconds
Number of updated asset objects reloaded before import = 0Number of asset objects unloaded after import = 3

========================================================================
Received Import Request.
  Time since last request: 25.682420 seconds.
  path: Assets/12 Fps/Intro Anim_00001.png
  artifactKey: Guid(b2411f9cd16fa4c7e972360492a99158) Importer(2089858483,b0f066a214c2f5e87bad3c948f4d605d)
Start importing Assets/12 Fps/Intro Anim_00001.png using Guid(b2411f9cd16fa4c7e972360492a99158) Importer(2089858483,b0f066a214c2f5e87bad3c948f4d605d) (ScriptedImporter) -> (artifact id: '3b774dd57ffe220eb15c72f320bffbac') in 0.006298042 seconds
Number of updated asset objects reloaded before import = 0Number of asset objects unloaded after import = 3

========================================================================
Received Import Request.
  Time since last request: 0.000048 seconds.
  path: Assets/12 Fps/Intro Anim_00003.png
  artifactKey: Guid(02d1f92de098e4ea0a4fdf83712fce39) Importer(2089858483,b0f066a214c2f5e87bad3c948f4d605d)
Start importing Assets/12 Fps/Intro Anim_00003.png using Guid(02d1f92de098e4ea0a4fdf83712fce39) Importer(2089858483,b0f066a214c2f5e87bad3c948f4d605d) (ScriptedImporter) -> (artifact id: '908805911000f726c079a7dba9243cea') in 0.005421208 seconds
Number of updated asset objects reloaded before import = 0Number of asset objects unloaded after import = 3

========================================================================
Received Import Request.
  Time since last request: 0.000071 seconds.
  path: Assets/12 Fps/Intro Anim_00021.png
  artifactKey: Guid(492fbab4ecc1d48818b7176f7b4b0e97) Importer(2089858483,b0f066a214c2f5e87bad3c948f4d605d)
Start importing Assets/12 Fps/Intro Anim_00021.png using Guid(492fbab4ecc1d48818b7176f7b4b0e97) Importer(2089858483,b0f066a214c2f5e87bad3c948f4d605d) (ScriptedImporter) -> (artifact id: '0b19ab2631da49fe3c8cc83dc404aea8') in 0.007276833 seconds
Number of updated asset objects reloaded before import = 0Number of asset objects unloaded after import = 3

========================================================================
Received Import Request.
  Time since last request: 0.000051 seconds.
  path: Assets/12 Fps/Intro Anim_00004.png
  artifactKey: Guid(931b7057bbf184ad99a6aeee5ce4ccfa) Importer(2089858483,b0f066a214c2f5e87bad3c948f4d605d)
Start importing Assets/12 Fps/Intro Anim_00004.png using Guid(931b7057bbf184ad99a6aeee5ce4ccfa) Importer(2089858483,b0f066a214c2f5e87bad3c948f4d605d) (ScriptedImporter) -> (artifact id: '61361dcb96bd9c1bd7e24a8f7773f07a') in 0.005697125 seconds
Number of updated asset objects reloaded before import = 0Number of asset objects unloaded after import = 3

========================================================================
Received Import Request.
  Time since last request: 0.000050 seconds.
  path: Assets/12 Fps/Intro Anim_00000.png
  artifactKey: Guid(5db2e9e26b5f44eb18bbf3f564b7ea25) Importer(2089858483,b0f066a214c2f5e87bad3c948f4d605d)
Start importing Assets/12 Fps/Intro Anim_00000.png using Guid(5db2e9e26b5f44eb18bbf3f564b7ea25) Importer(2089858483,b0f066a214c2f5e87bad3c948f4d605d) (ScriptedImporter) -> (artifact id: '65235aa0d2f16a47b08f53f8c14e473e') in 0.005328334 seconds
Number of updated asset objects reloaded before import = 0Number of asset objects unloaded after import = 3

========================================================================
Received Import Request.
  Time since last request: 0.000060 seconds.
  path: Assets/12 Fps/Intro Anim_00016.png
  artifactKey: Guid(b05d64a507c8c46158f33cb889e0b4ca) Importer(2089858483,b0f066a214c2f5e87bad3c948f4d605d)
Start importing Assets/12 Fps/Intro Anim_00016.png using Guid(b05d64a507c8c46158f33cb889e0b4ca) Importer(2089858483,b0f066a214c2f5e87bad3c948f4d605d) (ScriptedImporter) -> (artifact id: 'e2dab9c701d92f8aa59e010f5d16a77c') in 0.006424709 seconds
Number of updated asset objects reloaded before import = 0Number of asset objects unloaded after import = 3

========================================================================
Received Import Request.
  Time since last request: 0.000038 seconds.
  path: Assets/12 Fps/Intro Anim_00007.png
  artifactKey: Guid(ca9ed123c907440c7a35214d7b0fc28a) Importer(2089858483,b0f066a214c2f5e87bad3c948f4d605d)
Start importing Assets/12 Fps/Intro Anim_00007.png using Guid(ca9ed123c907440c7a35214d7b0fc28a) Importer(2089858483,b0f066a214c2f5e87bad3c948f4d605d) (ScriptedImporter) -> (artifact id: '5af1e5e85482997ceef7dcd16a94d5da') in 0.005457334 seconds
Number of updated asset objects reloaded before import = 0Number of asset objects unloaded after import = 3

========================================================================
Received Import Request.
  Time since last request: 0.000095 seconds.
  path: Assets/12 Fps/Intro Anim_00008.png
  artifactKey: Guid(eb9aa343862c043c49de35315e2a76f6) Importer(2089858483,b0f066a214c2f5e87bad3c948f4d605d)
Start importing Assets/12 Fps/Intro Anim_00008.png using Guid(eb9aa343862c043c49de35315e2a76f6) Importer(2089858483,b0f066a214c2f5e87bad3c948f4d605d) (ScriptedImporter) -> (artifact id: 'f238dc519f64d2d7003879db680daa92') in 0.006439584 seconds
Number of updated asset objects reloaded before import = 0Number of asset objects unloaded after import = 3

========================================================================
Received Import Request.
  Time since last request: 0.000053 seconds.
  path: Assets/12 Fps/Intro Anim_00019.png
  artifactKey: Guid(4217540c3ddff42c4ad8a7943078c938) Importer(2089858483,b0f066a214c2f5e87bad3c948f4d605d)
Start importing Assets/12 Fps/Intro Anim_00019.png using Guid(4217540c3ddff42c4ad8a7943078c938) Importer(2089858483,b0f066a214c2f5e87bad3c948f4d605d) (ScriptedImporter) -> (artifact id: '1d668bf9c205c312a70000fa633d50ba') in 0.006339084 seconds
Number of updated asset objects reloaded before import = 0Number of asset objects unloaded after import = 3

========================================================================
Received Import Request.
  Time since last request: 0.000100 seconds.
  path: Assets/12 Fps/Intro Anim_00013.png
  artifactKey: Guid(de40b808da1944758a55ec1636c849eb) Importer(2089858483,b0f066a214c2f5e87bad3c948f4d605d)
Start importing Assets/12 Fps/Intro Anim_00013.png using Guid(de40b808da1944758a55ec1636c849eb) Importer(2089858483,b0f066a214c2f5e87bad3c948f4d605d) (ScriptedImporter) -> (artifact id: '7e405dbc19463c78b52725f2bb05b2c2') in 0.005415333 seconds
Number of updated asset objects reloaded before import = 0Number of asset objects unloaded after import = 3

========================================================================
Received Import Request.
  Time since last request: 0.000069 seconds.
  path: Assets/12 Fps/Intro Anim_00015.png
  artifactKey: Guid(3781641fcd3ab4326b2ff89c2cd15709) Importer(2089858483,b0f066a214c2f5e87bad3c948f4d605d)
Start importing Assets/12 Fps/Intro Anim_00015.png using Guid(3781641fcd3ab4326b2ff89c2cd15709) Importer(2089858483,b0f066a214c2f5e87bad3c948f4d605d) (ScriptedImporter) -> (artifact id: '15f56f0a050c64b5ebc8d8274fe44d97') in 0.005365708 seconds
Number of updated asset objects reloaded before import = 0Number of asset objects unloaded after import = 3

========================================================================
Received Import Request.
  Time since last request: 0.000072 seconds.
  path: Assets/12 Fps/Intro Anim_00032.png
  artifactKey: Guid(f85e3d16dfeaa411b893f2426392d2a7) Importer(2089858483,b0f066a214c2f5e87bad3c948f4d605d)
Start importing Assets/12 Fps/Intro Anim_00032.png using Guid(f85e3d16dfeaa411b893f2426392d2a7) Importer(2089858483,b0f066a214c2f5e87bad3c948f4d605d) (ScriptedImporter) -> (artifact id: '22cfd14415075c9192c79f7ad79876b2') in 0.004871708 seconds
Number of updated asset objects reloaded before import = 0Number of asset objects unloaded after import = 3

========================================================================
Received Import Request.
  Time since last request: 0.000060 seconds.
  path: Assets/12 Fps/Intro Anim_00031.png
  artifactKey: Guid(58d83788f1e2e40f09ab2737e5dfd627) Importer(2089858483,b0f066a214c2f5e87bad3c948f4d605d)
Start importing Assets/12 Fps/Intro Anim_00031.png using Guid(58d83788f1e2e40f09ab2737e5dfd627) Importer(2089858483,b0f066a214c2f5e87bad3c948f4d605d) (ScriptedImporter) -> (artifact id: '991e5c79b14b7a90555f7994e35cae54') in 0.006441667 seconds
Number of updated asset objects reloaded before import = 0Number of asset objects unloaded after import = 3

========================================================================
Received Import Request.
  Time since last request: 0.000106 seconds.
  path: Assets/12 Fps/Intro Anim_00023.png
  artifactKey: Guid(8d8b1b26fb4594650944106c5e6d58f3) Importer(2089858483,b0f066a214c2f5e87bad3c948f4d605d)
Start importing Assets/12 Fps/Intro Anim_00023.png using Guid(8d8b1b26fb4594650944106c5e6d58f3) Importer(2089858483,b0f066a214c2f5e87bad3c948f4d605d) (ScriptedImporter) -> (artifact id: '33699866cd1a3f4ccf9b7a0e46fb461a') in 0.008576458 seconds
Number of updated asset objects reloaded before import = 0Number of asset objects unloaded after import = 3

========================================================================
Received Import Request.
  Time since last request: 0.000104 seconds.
  path: Assets/12 Fps/Intro Anim_00025.png
  artifactKey: Guid(3f60a80df51a14cc7b1aa4f08240a740) Importer(2089858483,b0f066a214c2f5e87bad3c948f4d605d)
Start importing Assets/12 Fps/Intro Anim_00025.png using Guid(3f60a80df51a14cc7b1aa4f08240a740) Importer(2089858483,b0f066a214c2f5e87bad3c948f4d605d) (ScriptedImporter) -> (artifact id: '16af83b542abd96af706c013557fe1c3') in 0.00682475 seconds
Number of updated asset objects reloaded before import = 0Number of asset objects unloaded after import = 3

========================================================================
Received Import Request.
  Time since last request: 0.000047 seconds.
  path: Assets/12 Fps/Intro Anim_00029.png
  artifactKey: Guid(32cb1e269b66e4d3c8bea604997a8f46) Importer(2089858483,b0f066a214c2f5e87bad3c948f4d605d)
Start importing Assets/12 Fps/Intro Anim_00029.png using Guid(32cb1e269b66e4d3c8bea604997a8f46) Importer(2089858483,b0f066a214c2f5e87bad3c948f4d605d) (ScriptedImporter) -> (artifact id: '13925580f9751cb81435cd0759718c67') in 0.004544333 seconds
Number of updated asset objects reloaded before import = 0Number of asset objects unloaded after import = 3

========================================================================
Received Import Request.
  Time since last request: 18.070036 seconds.
  path: Assets/12 Fps/Intro Anim_00001.png
  artifactKey: Guid(b2411f9cd16fa4c7e972360492a99158) Importer(2089858483,b0f066a214c2f5e87bad3c948f4d605d)
Start importing Assets/12 Fps/Intro Anim_00001.png using Guid(b2411f9cd16fa4c7e972360492a99158) Importer(2089858483,b0f066a214c2f5e87bad3c948f4d605d) (ScriptedImporter) -> (artifact id: '43a79d7ba45df5b7fa556263bbbcf223') in 0.006035458 seconds
Number of updated asset objects reloaded before import = 0Number of asset objects unloaded after import = 3

========================================================================
Received Import Request.
  Time since last request: 0.000062 seconds.
  path: Assets/12 Fps/Intro Anim_00003.png
  artifactKey: Guid(02d1f92de098e4ea0a4fdf83712fce39) Importer(2089858483,b0f066a214c2f5e87bad3c948f4d605d)
Start importing Assets/12 Fps/Intro Anim_00003.png using Guid(02d1f92de098e4ea0a4fdf83712fce39) Importer(2089858483,b0f066a214c2f5e87bad3c948f4d605d) (ScriptedImporter) -> (artifact id: '885362d94bfec25827714296ee5b2c3a') in 0.004939875 seconds
Number of updated asset objects reloaded before import = 0Number of asset objects unloaded after import = 3

========================================================================
Received Import Request.
  Time since last request: 0.000061 seconds.
  path: Assets/12 Fps/Intro Anim_00009.png
  artifactKey: Guid(06a32fa655f694d8da6d3021857fb230) Importer(2089858483,b0f066a214c2f5e87bad3c948f4d605d)
Start importing Assets/12 Fps/Intro Anim_00009.png using Guid(06a32fa655f694d8da6d3021857fb230) Importer(2089858483,b0f066a214c2f5e87bad3c948f4d605d) (ScriptedImporter) -> (artifact id: '00a817561c8fa0b3f5aa1ce023abe779') in 0.004519084 seconds
Number of updated asset objects reloaded before import = 0Number of asset objects unloaded after import = 3

========================================================================
Received Import Request.
  Time since last request: 0.000061 seconds.
  path: Assets/12 Fps/Intro Anim_00012.png
  artifactKey: Guid(add4ac138ac094d3fb3d54ac057e1b16) Importer(2089858483,b0f066a214c2f5e87bad3c948f4d605d)
Start importing Assets/12 Fps/Intro Anim_00012.png using Guid(add4ac138ac094d3fb3d54ac057e1b16) Importer(2089858483,b0f066a214c2f5e87bad3c948f4d605d) (ScriptedImporter) -> (artifact id: '2dc3e10d2419a406aa19bcf70dd50180') in 0.004803625 seconds
Number of updated asset objects reloaded before import = 0Number of asset objects unloaded after import = 3

========================================================================
Received Import Request.
  Time since last request: 0.000050 seconds.
  path: Assets/12 Fps/Intro Anim_00000.png
  artifactKey: Guid(5db2e9e26b5f44eb18bbf3f564b7ea25) Importer(2089858483,b0f066a214c2f5e87bad3c948f4d605d)
Start importing Assets/12 Fps/Intro Anim_00000.png using Guid(5db2e9e26b5f44eb18bbf3f564b7ea25) Importer(2089858483,b0f066a214c2f5e87bad3c948f4d605d) (ScriptedImporter) -> (artifact id: 'b4351f613ca0ceab59099c3182e429f7') in 0.004766084 seconds
Number of updated asset objects reloaded before import = 0Number of asset objects unloaded after import = 3

========================================================================
Received Import Request.
  Time since last request: 0.000093 seconds.
  path: Assets/12 Fps/Intro Anim_00016.png
  artifactKey: Guid(b05d64a507c8c46158f33cb889e0b4ca) Importer(2089858483,b0f066a214c2f5e87bad3c948f4d605d)
Start importing Assets/12 Fps/Intro Anim_00016.png using Guid(b05d64a507c8c46158f33cb889e0b4ca) Importer(2089858483,b0f066a214c2f5e87bad3c948f4d605d) (ScriptedImporter) -> (artifact id: '555e439d0064abc2772aa2167b121378') in 0.005357 seconds
Number of updated asset objects reloaded before import = 0Number of asset objects unloaded after import = 3

========================================================================
Received Import Request.
  Time since last request: 0.000083 seconds.
  path: Assets/12 Fps/Intro Anim_00007.png
  artifactKey: Guid(ca9ed123c907440c7a35214d7b0fc28a) Importer(2089858483,b0f066a214c2f5e87bad3c948f4d605d)
Start importing Assets/12 Fps/Intro Anim_00007.png using Guid(ca9ed123c907440c7a35214d7b0fc28a) Importer(2089858483,b0f066a214c2f5e87bad3c948f4d605d) (ScriptedImporter) -> (artifact id: 'd19ede8d407b1614ed95b26e6bf3ff76') in 0.004699292 seconds
Number of updated asset objects reloaded before import = 0Number of asset objects unloaded after import = 3

========================================================================
Received Import Request.
  Time since last request: 0.000048 seconds.
  path: Assets/12 Fps/Intro Anim_00005.png
  artifactKey: Guid(7bac4609b3f7a4c1183c1f656e43ed4f) Importer(2089858483,b0f066a214c2f5e87bad3c948f4d605d)
Start importing Assets/12 Fps/Intro Anim_00005.png using Guid(7bac4609b3f7a4c1183c1f656e43ed4f) Importer(2089858483,b0f066a214c2f5e87bad3c948f4d605d) (ScriptedImporter) -> (artifact id: '0bf89832b604d71638abe73d6804abfc') in 0.004623458 seconds
Number of updated asset objects reloaded before import = 0Number of asset objects unloaded after import = 3

========================================================================
Received Import Request.
  Time since last request: 0.000078 seconds.
  path: Assets/12 Fps/Intro Anim_00019.png
  artifactKey: Guid(4217540c3ddff42c4ad8a7943078c938) Importer(2089858483,b0f066a214c2f5e87bad3c948f4d605d)
Start importing Assets/12 Fps/Intro Anim_00019.png using Guid(4217540c3ddff42c4ad8a7943078c938) Importer(2089858483,b0f066a214c2f5e87bad3c948f4d605d) (ScriptedImporter) -> (artifact id: '380a8e3891c5d97e259cd122bd376923') in 0.0050225 seconds
Number of updated asset objects reloaded before import = 0Number of asset objects unloaded after import = 3

========================================================================
Received Import Request.
  Time since last request: 0.000075 seconds.
  path: Assets/12 Fps/Intro Anim_00030.png
  artifactKey: Guid(4e8f94b3a38d546c3903c9ab25c88b40) Importer(2089858483,b0f066a214c2f5e87bad3c948f4d605d)
Start importing Assets/12 Fps/Intro Anim_00030.png using Guid(4e8f94b3a38d546c3903c9ab25c88b40) Importer(2089858483,b0f066a214c2f5e87bad3c948f4d605d) (ScriptedImporter) -> (artifact id: '2876ca8b0a609b6f7d7c5843ad94a0c1') in 0.005279833 seconds
Number of updated asset objects reloaded before import = 0Number of asset objects unloaded after import = 3

========================================================================
Received Import Request.
  Time since last request: 0.000073 seconds.
  path: Assets/12 Fps/Intro Anim_00015.png
  artifactKey: Guid(3781641fcd3ab4326b2ff89c2cd15709) Importer(2089858483,b0f066a214c2f5e87bad3c948f4d605d)
Start importing Assets/12 Fps/Intro Anim_00015.png using Guid(3781641fcd3ab4326b2ff89c2cd15709) Importer(2089858483,b0f066a214c2f5e87bad3c948f4d605d) (ScriptedImporter) -> (artifact id: 'e36e57350e7c616f3b93dcf07535da64') in 0.004524833 seconds
Number of updated asset objects reloaded before import = 0Number of asset objects unloaded after import = 3

========================================================================
Received Import Request.
  Time since last request: 0.000123 seconds.
  path: Assets/12 Fps/Intro Anim_00006.png
  artifactKey: Guid(16c69d1ffd0fb4ca4a60e7b42141b402) Importer(2089858483,b0f066a214c2f5e87bad3c948f4d605d)
Start importing Assets/12 Fps/Intro Anim_00006.png using Guid(16c69d1ffd0fb4ca4a60e7b42141b402) Importer(2089858483,b0f066a214c2f5e87bad3c948f4d605d) (ScriptedImporter) -> (artifact id: '93f7a5ebc172d97349a57601781f71c1') in 0.005670333 seconds
Number of updated asset objects reloaded before import = 0Number of asset objects unloaded after import = 3

========================================================================
Received Import Request.
  Time since last request: 0.000052 seconds.
  path: Assets/12 Fps/Intro Anim_00010.png
  artifactKey: Guid(9c6ecaa146f5f4dd8adc9b5f73c84ddd) Importer(2089858483,b0f066a214c2f5e87bad3c948f4d605d)
Start importing Assets/12 Fps/Intro Anim_00010.png using Guid(9c6ecaa146f5f4dd8adc9b5f73c84ddd) Importer(2089858483,b0f066a214c2f5e87bad3c948f4d605d) (ScriptedImporter) -> (artifact id: '474dc76be1ae347eeb97ef0e08ced934') in 0.004533458 seconds
Number of updated asset objects reloaded before import = 0Number of asset objects unloaded after import = 3

========================================================================
Received Import Request.
  Time since last request: 0.000145 seconds.
  path: Assets/12 Fps/Intro Anim_00023.png
  artifactKey: Guid(8d8b1b26fb4594650944106c5e6d58f3) Importer(2089858483,b0f066a214c2f5e87bad3c948f4d605d)
Start importing Assets/12 Fps/Intro Anim_00023.png using Guid(8d8b1b26fb4594650944106c5e6d58f3) Importer(2089858483,b0f066a214c2f5e87bad3c948f4d605d) (ScriptedImporter) -> (artifact id: '4ddae6d5fde0c2ce655322c39812b919') in 0.004710666 seconds
Number of updated asset objects reloaded before import = 0Number of asset objects unloaded after import = 3

========================================================================
Received Import Request.
  Time since last request: 0.000063 seconds.
  path: Assets/12 Fps/Intro Anim_00018.png
  artifactKey: Guid(20d8df25ddd6745689d34d68c13e5e7f) Importer(2089858483,b0f066a214c2f5e87bad3c948f4d605d)
Start importing Assets/12 Fps/Intro Anim_00018.png using Guid(20d8df25ddd6745689d34d68c13e5e7f) Importer(2089858483,b0f066a214c2f5e87bad3c948f4d605d) (ScriptedImporter) -> (artifact id: '0335824a1b7f1b3b808a1e7b18af4442') in 0.005687125 seconds
Number of updated asset objects reloaded before import = 0Number of asset objects unloaded after import = 3

========================================================================
Received Import Request.
  Time since last request: 0.000057 seconds.
  path: Assets/12 Fps/Intro Anim_00026.png
  artifactKey: Guid(91944d0bebee24104b5d3aa22077c7f6) Importer(2089858483,b0f066a214c2f5e87bad3c948f4d605d)
Start importing Assets/12 Fps/Intro Anim_00026.png using Guid(91944d0bebee24104b5d3aa22077c7f6) Importer(2089858483,b0f066a214c2f5e87bad3c948f4d605d) (ScriptedImporter) -> (artifact id: '3dea289717158a4c12dec50ee48ddb2f') in 0.005548042 seconds
Number of updated asset objects reloaded before import = 0Number of asset objects unloaded after import = 3

========================================================================
Received Import Request.
  Time since last request: 0.000070 seconds.
  path: Assets/12 Fps/Intro Anim_00020.png
  artifactKey: Guid(48795a260d1a24309981f8e9527e7793) Importer(2089858483,b0f066a214c2f5e87bad3c948f4d605d)
Start importing Assets/12 Fps/Intro Anim_00020.png using Guid(48795a260d1a24309981f8e9527e7793) Importer(2089858483,b0f066a214c2f5e87bad3c948f4d605d) (ScriptedImporter) -> (artifact id: 'b3d074211f3667ffe37d68ff065aa945') in 0.005558708 seconds
Number of updated asset objects reloaded before import = 0Number of asset objects unloaded after import = 3

========================================================================
Received Import Request.
  Time since last request: 95.896946 seconds.
  path: Assets/12 Fps/Intro Anim_00001.png
  artifactKey: Guid(b2411f9cd16fa4c7e972360492a99158) Importer(2089858483,b0f066a214c2f5e87bad3c948f4d605d)
Start importing Assets/12 Fps/Intro Anim_00001.png using Guid(b2411f9cd16fa4c7e972360492a99158) Importer(2089858483,b0f066a214c2f5e87bad3c948f4d605d) (ScriptedImporter) -> (artifact id: 'fd964a66229390a8626dfb223b901492') in 0.006793667 seconds
Number of updated asset objects reloaded before import = 0Number of asset objects unloaded after import = 3

========================================================================
Received Import Request.
  Time since last request: 0.000064 seconds.
  path: Assets/12 Fps/Intro Anim_00003.png
  artifactKey: Guid(02d1f92de098e4ea0a4fdf83712fce39) Importer(2089858483,b0f066a214c2f5e87bad3c948f4d605d)
Start importing Assets/12 Fps/Intro Anim_00003.png using Guid(02d1f92de098e4ea0a4fdf83712fce39) Importer(2089858483,b0f066a214c2f5e87bad3c948f4d605d) (ScriptedImporter) -> (artifact id: 'd04f8f08790bc055a40a0af54f7e6e74') in 0.006178125 seconds
Number of updated asset objects reloaded before import = 0Number of asset objects unloaded after import = 3

========================================================================
Received Import Request.
  Time since last request: 0.000050 seconds.
  path: Assets/12 Fps/Intro Anim_00021.png
  artifactKey: Guid(492fbab4ecc1d48818b7176f7b4b0e97) Importer(2089858483,b0f066a214c2f5e87bad3c948f4d605d)
Start importing Assets/12 Fps/Intro Anim_00021.png using Guid(492fbab4ecc1d48818b7176f7b4b0e97) Importer(2089858483,b0f066a214c2f5e87bad3c948f4d605d) (ScriptedImporter) -> (artifact id: '34fb9d817ea9c0191f0246b5da4db269') in 0.005020875 seconds
Number of updated asset objects reloaded before import = 0Number of asset objects unloaded after import = 3

========================================================================
Received Import Request.
  Time since last request: 0.000091 seconds.
  path: Assets/12 Fps/Intro Anim_00004.png
  artifactKey: Guid(931b7057bbf184ad99a6aeee5ce4ccfa) Importer(2089858483,b0f066a214c2f5e87bad3c948f4d605d)
Start importing Assets/12 Fps/Intro Anim_00004.png using Guid(931b7057bbf184ad99a6aeee5ce4ccfa) Importer(2089858483,b0f066a214c2f5e87bad3c948f4d605d) (ScriptedImporter) -> (artifact id: 'b17097afbeeee5d375a84e19915abd2d') in 0.005157084 seconds
Number of updated asset objects reloaded before import = 0Number of asset objects unloaded after import = 3

========================================================================
Received Import Request.
  Time since last request: 0.000043 seconds.
  path: Assets/12 Fps/Intro Anim_00002.png
  artifactKey: Guid(199e3678a6ad847b28a346219a077ca8) Importer(2089858483,b0f066a214c2f5e87bad3c948f4d605d)
Start importing Assets/12 Fps/Intro Anim_00002.png using Guid(199e3678a6ad847b28a346219a077ca8) Importer(2089858483,b0f066a214c2f5e87bad3c948f4d605d) (ScriptedImporter) -> (artifact id: 'e6baf7444e422b731a417a5cd42b6e44') in 0.006322291 seconds
Number of updated asset objects reloaded before import = 0Number of asset objects unloaded after import = 3

========================================================================
Received Import Request.
  Time since last request: 0.000062 seconds.
  path: Assets/12 Fps/Intro Anim_00016.png
  artifactKey: Guid(b05d64a507c8c46158f33cb889e0b4ca) Importer(2089858483,b0f066a214c2f5e87bad3c948f4d605d)
Start importing Assets/12 Fps/Intro Anim_00016.png using Guid(b05d64a507c8c46158f33cb889e0b4ca) Importer(2089858483,b0f066a214c2f5e87bad3c948f4d605d) (ScriptedImporter) -> (artifact id: '1b3b0b7ac6ed17ee7d0279680c333df8') in 0.005619083 seconds
Number of updated asset objects reloaded before import = 0Number of asset objects unloaded after import = 3

========================================================================
Received Import Request.
  Time since last request: 0.000075 seconds.
  path: Assets/12 Fps/Intro Anim_00007.png
  artifactKey: Guid(ca9ed123c907440c7a35214d7b0fc28a) Importer(2089858483,b0f066a214c2f5e87bad3c948f4d605d)
Start importing Assets/12 Fps/Intro Anim_00007.png using Guid(ca9ed123c907440c7a35214d7b0fc28a) Importer(2089858483,b0f066a214c2f5e87bad3c948f4d605d) (ScriptedImporter) -> (artifact id: 'bee9e78e845f3f2a765fd61a3d4bb8af') in 0.00655025 seconds
Number of updated asset objects reloaded before import = 0Number of asset objects unloaded after import = 3

========================================================================
Received Import Request.
  Time since last request: 0.000046 seconds.
  path: Assets/12 Fps/Intro Anim_00005.png
  artifactKey: Guid(7bac4609b3f7a4c1183c1f656e43ed4f) Importer(2089858483,b0f066a214c2f5e87bad3c948f4d605d)
Start importing Assets/12 Fps/Intro Anim_00005.png using Guid(7bac4609b3f7a4c1183c1f656e43ed4f) Importer(2089858483,b0f066a214c2f5e87bad3c948f4d605d) (ScriptedImporter) -> (artifact id: '87a1048c456f8655cae0ba9cfdf57972') in 0.0048275 seconds
Number of updated asset objects reloaded before import = 0Number of asset objects unloaded after import = 3

========================================================================
Received Import Request.
  Time since last request: 0.000075 seconds.
  path: Assets/12 Fps/Intro Anim_00022.png
  artifactKey: Guid(6bb9d1637bd524dd7a7d57dde0cb97f9) Importer(2089858483,b0f066a214c2f5e87bad3c948f4d605d)
Start importing Assets/12 Fps/Intro Anim_00022.png using Guid(6bb9d1637bd524dd7a7d57dde0cb97f9) Importer(2089858483,b0f066a214c2f5e87bad3c948f4d605d) (ScriptedImporter) -> (artifact id: '477a08aa4ade4fb75d032ce7c041cd86') in 0.005877125 seconds
Number of updated asset objects reloaded before import = 0Number of asset objects unloaded after import = 3

========================================================================
Received Import Request.
  Time since last request: 0.000038 seconds.
  path: Assets/12 Fps/Intro Anim_00030.png
  artifactKey: Guid(4e8f94b3a38d546c3903c9ab25c88b40) Importer(2089858483,b0f066a214c2f5e87bad3c948f4d605d)
Start importing Assets/12 Fps/Intro Anim_00030.png using Guid(4e8f94b3a38d546c3903c9ab25c88b40) Importer(2089858483,b0f066a214c2f5e87bad3c948f4d605d) (ScriptedImporter) -> (artifact id: '89f6e0affd2d794332ba6865b9195621') in 0.004604875 seconds
Number of updated asset objects reloaded before import = 0Number of asset objects unloaded after import = 3

========================================================================
Received Import Request.
  Time since last request: 0.000058 seconds.
  path: Assets/12 Fps/Intro Anim_00028.png
  artifactKey: Guid(5c6a08fdf372d4551a7ad1925273d1b8) Importer(2089858483,b0f066a214c2f5e87bad3c948f4d605d)
Start importing Assets/12 Fps/Intro Anim_00028.png using Guid(5c6a08fdf372d4551a7ad1925273d1b8) Importer(2089858483,b0f066a214c2f5e87bad3c948f4d605d) (ScriptedImporter) -> (artifact id: 'c29c2f9f3f9daab98e78b30566e14925') in 0.006166833 seconds
Number of updated asset objects reloaded before import = 0Number of asset objects unloaded after import = 3

========================================================================
Received Import Request.
  Time since last request: 0.000092 seconds.
  path: Assets/12 Fps/Intro Anim_00006.png
  artifactKey: Guid(16c69d1ffd0fb4ca4a60e7b42141b402) Importer(2089858483,b0f066a214c2f5e87bad3c948f4d605d)
Start importing Assets/12 Fps/Intro Anim_00006.png using Guid(16c69d1ffd0fb4ca4a60e7b42141b402) Importer(2089858483,b0f066a214c2f5e87bad3c948f4d605d) (ScriptedImporter) -> (artifact id: '2bdabba5edabbf57a17d6142b1cefac5') in 0.007433583 seconds
Number of updated asset objects reloaded before import = 0Number of asset objects unloaded after import = 3

========================================================================
Received Import Request.
  Time since last request: 0.000076 seconds.
  path: Assets/12 Fps/Intro Anim_00031.png
  artifactKey: Guid(58d83788f1e2e40f09ab2737e5dfd627) Importer(2089858483,b0f066a214c2f5e87bad3c948f4d605d)
Start importing Assets/12 Fps/Intro Anim_00031.png using Guid(58d83788f1e2e40f09ab2737e5dfd627) Importer(2089858483,b0f066a214c2f5e87bad3c948f4d605d) (ScriptedImporter) -> (artifact id: 'c9a6a710f45d08d01bc2d3b47eb48e8b') in 0.006896542 seconds
Number of updated asset objects reloaded before import = 0Number of asset objects unloaded after import = 3

========================================================================
Received Import Request.
  Time since last request: 0.000083 seconds.
  path: Assets/12 Fps/Intro Anim_00011.png
  artifactKey: Guid(879832d2af7014fb7bfdfe5fe778cd31) Importer(2089858483,b0f066a214c2f5e87bad3c948f4d605d)
Start importing Assets/12 Fps/Intro Anim_00011.png using Guid(879832d2af7014fb7bfdfe5fe778cd31) Importer(2089858483,b0f066a214c2f5e87bad3c948f4d605d) (ScriptedImporter) -> (artifact id: 'e6e5ab2b4cf2313b6880258954b8a947') in 0.0070465 seconds
Number of updated asset objects reloaded before import = 0Number of asset objects unloaded after import = 3

========================================================================
Received Import Request.
  Time since last request: 0.000058 seconds.
  path: Assets/12 Fps/Intro Anim_00025.png
  artifactKey: Guid(3f60a80df51a14cc7b1aa4f08240a740) Importer(2089858483,b0f066a214c2f5e87bad3c948f4d605d)
Start importing Assets/12 Fps/Intro Anim_00025.png using Guid(3f60a80df51a14cc7b1aa4f08240a740) Importer(2089858483,b0f066a214c2f5e87bad3c948f4d605d) (ScriptedImporter) -> (artifact id: 'e8246f0f6f09ad74d01a34636f95fcec') in 0.005143083 seconds
Number of updated asset objects reloaded before import = 0Number of asset objects unloaded after import = 3

========================================================================
Received Import Request.
  Time since last request: 0.000051 seconds.
  path: Assets/12 Fps/Intro Anim_00029.png
  artifactKey: Guid(32cb1e269b66e4d3c8bea604997a8f46) Importer(2089858483,b0f066a214c2f5e87bad3c948f4d605d)
Start importing Assets/12 Fps/Intro Anim_00029.png using Guid(32cb1e269b66e4d3c8bea604997a8f46) Importer(2089858483,b0f066a214c2f5e87bad3c948f4d605d) (ScriptedImporter) -> (artifact id: '98ee73aad852f2d5e2ecc6cf7595ad66') in 0.00614425 seconds
Number of updated asset objects reloaded before import = 0Number of asset objects unloaded after import = 3

========================================================================
Received Import Request.
  Time since last request: 0.000128 seconds.
  path: Assets/12 Fps/Intro Anim_00020.png
  artifactKey: Guid(48795a260d1a24309981f8e9527e7793) Importer(2089858483,b0f066a214c2f5e87bad3c948f4d605d)
Start importing Assets/12 Fps/Intro Anim_00020.png using Guid(48795a260d1a24309981f8e9527e7793) Importer(2089858483,b0f066a214c2f5e87bad3c948f4d605d) (ScriptedImporter) -> (artifact id: '63d56d927a58c09e98a0b40af532b005') in 0.005174792 seconds
Number of updated asset objects reloaded before import = 0Number of asset objects unloaded after import = 3

